<?xml version="1.0" encoding="ISO-8859-1" ?>
<link_info>
   <banner>MSP430 Linker PC v21.6.1.LTS</banner>
   <copyright>Copyright (c) 2003-2018 Texas Instruments Incorporated</copyright>
   <link_time>0x64950de3</link_time>
   <link_errors>0x0</link_errors>
   <output_file>MSP-EXP430FR5969_Grlib_Example_Sharp128.out</output_file>
   <entry_point>
      <name>_c_int00_noargs_mpu</name>
      <address>0x4078</address>
   </entry_point>
   <input_file_list>
      <input_file id="fl-2">
         <path>.\</path>
         <kind>object</kind>
         <file>main.obj</file>
         <name>main.obj</name>
      </input_file>
      <input_file id="fl-3">
         <path>.\</path>
         <kind>object</kind>
         <file>system_pre_init.obj</file>
         <name>system_pre_init.obj</name>
      </input_file>
      <input_file id="fl-4">
         <path>.\GrLib\fonts\</path>
         <kind>object</kind>
         <file>fontcm12.obj</file>
         <name>fontcm12.obj</name>
      </input_file>
      <input_file id="fl-5">
         <path>.\GrLib\fonts\</path>
         <kind>object</kind>
         <file>fontcm12b.obj</file>
         <name>fontcm12b.obj</name>
      </input_file>
      <input_file id="fl-6">
         <path>.\GrLib\fonts\</path>
         <kind>object</kind>
         <file>fontcm12i.obj</file>
         <name>fontcm12i.obj</name>
      </input_file>
      <input_file id="fl-7">
         <path>.\GrLib\fonts\</path>
         <kind>object</kind>
         <file>fontcm14.obj</file>
         <name>fontcm14.obj</name>
      </input_file>
      <input_file id="fl-8">
         <path>.\GrLib\fonts\</path>
         <kind>object</kind>
         <file>fontcm14b.obj</file>
         <name>fontcm14b.obj</name>
      </input_file>
      <input_file id="fl-9">
         <path>.\GrLib\fonts\</path>
         <kind>object</kind>
         <file>fontcm14i.obj</file>
         <name>fontcm14i.obj</name>
      </input_file>
      <input_file id="fl-a">
         <path>.\GrLib\fonts\</path>
         <kind>object</kind>
         <file>fontcm16.obj</file>
         <name>fontcm16.obj</name>
      </input_file>
      <input_file id="fl-b">
         <path>.\GrLib\fonts\</path>
         <kind>object</kind>
         <file>fontcm16b.obj</file>
         <name>fontcm16b.obj</name>
      </input_file>
      <input_file id="fl-c">
         <path>.\GrLib\fonts\</path>
         <kind>object</kind>
         <file>fontcm16i.obj</file>
         <name>fontcm16i.obj</name>
      </input_file>
      <input_file id="fl-d">
         <path>.\GrLib\fonts\</path>
         <kind>object</kind>
         <file>fontcm18.obj</file>
         <name>fontcm18.obj</name>
      </input_file>
      <input_file id="fl-e">
         <path>.\GrLib\fonts\</path>
         <kind>object</kind>
         <file>fontcm18b.obj</file>
         <name>fontcm18b.obj</name>
      </input_file>
      <input_file id="fl-f">
         <path>.\GrLib\fonts\</path>
         <kind>object</kind>
         <file>fontcm18i.obj</file>
         <name>fontcm18i.obj</name>
      </input_file>
      <input_file id="fl-10">
         <path>.\GrLib\fonts\</path>
         <kind>object</kind>
         <file>fontcm20.obj</file>
         <name>fontcm20.obj</name>
      </input_file>
      <input_file id="fl-11">
         <path>.\GrLib\fonts\</path>
         <kind>object</kind>
         <file>fontcm20b.obj</file>
         <name>fontcm20b.obj</name>
      </input_file>
      <input_file id="fl-12">
         <path>.\GrLib\fonts\</path>
         <kind>object</kind>
         <file>fontcm20i.obj</file>
         <name>fontcm20i.obj</name>
      </input_file>
      <input_file id="fl-13">
         <path>.\GrLib\fonts\</path>
         <kind>object</kind>
         <file>fontcm22.obj</file>
         <name>fontcm22.obj</name>
      </input_file>
      <input_file id="fl-14">
         <path>.\GrLib\fonts\</path>
         <kind>object</kind>
         <file>fontcm22b.obj</file>
         <name>fontcm22b.obj</name>
      </input_file>
      <input_file id="fl-15">
         <path>.\GrLib\fonts\</path>
         <kind>object</kind>
         <file>fontcm22i.obj</file>
         <name>fontcm22i.obj</name>
      </input_file>
      <input_file id="fl-16">
         <path>.\GrLib\fonts\</path>
         <kind>object</kind>
         <file>fontcm24.obj</file>
         <name>fontcm24.obj</name>
      </input_file>
      <input_file id="fl-17">
         <path>.\GrLib\fonts\</path>
         <kind>object</kind>
         <file>fontcm24b.obj</file>
         <name>fontcm24b.obj</name>
      </input_file>
      <input_file id="fl-18">
         <path>.\GrLib\fonts\</path>
         <kind>object</kind>
         <file>fontcm24i.obj</file>
         <name>fontcm24i.obj</name>
      </input_file>
      <input_file id="fl-19">
         <path>.\GrLib\fonts\</path>
         <kind>object</kind>
         <file>fontcm26.obj</file>
         <name>fontcm26.obj</name>
      </input_file>
      <input_file id="fl-1a">
         <path>.\GrLib\fonts\</path>
         <kind>object</kind>
         <file>fontcm26b.obj</file>
         <name>fontcm26b.obj</name>
      </input_file>
      <input_file id="fl-1b">
         <path>.\GrLib\fonts\</path>
         <kind>object</kind>
         <file>fontcm26i.obj</file>
         <name>fontcm26i.obj</name>
      </input_file>
      <input_file id="fl-1c">
         <path>.\GrLib\fonts\</path>
         <kind>object</kind>
         <file>fontcm28.obj</file>
         <name>fontcm28.obj</name>
      </input_file>
      <input_file id="fl-1d">
         <path>.\GrLib\fonts\</path>
         <kind>object</kind>
         <file>fontcm28b.obj</file>
         <name>fontcm28b.obj</name>
      </input_file>
      <input_file id="fl-1e">
         <path>.\GrLib\fonts\</path>
         <kind>object</kind>
         <file>fontcm28i.obj</file>
         <name>fontcm28i.obj</name>
      </input_file>
      <input_file id="fl-1f">
         <path>.\GrLib\fonts\</path>
         <kind>object</kind>
         <file>fontcm30.obj</file>
         <name>fontcm30.obj</name>
      </input_file>
      <input_file id="fl-20">
         <path>.\GrLib\fonts\</path>
         <kind>object</kind>
         <file>fontcm30b.obj</file>
         <name>fontcm30b.obj</name>
      </input_file>
      <input_file id="fl-21">
         <path>.\GrLib\fonts\</path>
         <kind>object</kind>
         <file>fontcm30i.obj</file>
         <name>fontcm30i.obj</name>
      </input_file>
      <input_file id="fl-22">
         <path>.\GrLib\fonts\</path>
         <kind>object</kind>
         <file>fontcm32.obj</file>
         <name>fontcm32.obj</name>
      </input_file>
      <input_file id="fl-23">
         <path>.\GrLib\fonts\</path>
         <kind>object</kind>
         <file>fontcm32b.obj</file>
         <name>fontcm32b.obj</name>
      </input_file>
      <input_file id="fl-24">
         <path>.\GrLib\fonts\</path>
         <kind>object</kind>
         <file>fontcm32i.obj</file>
         <name>fontcm32i.obj</name>
      </input_file>
      <input_file id="fl-25">
         <path>.\GrLib\fonts\</path>
         <kind>object</kind>
         <file>fontcm34.obj</file>
         <name>fontcm34.obj</name>
      </input_file>
      <input_file id="fl-26">
         <path>.\GrLib\fonts\</path>
         <kind>object</kind>
         <file>fontcm34b.obj</file>
         <name>fontcm34b.obj</name>
      </input_file>
      <input_file id="fl-27">
         <path>.\GrLib\fonts\</path>
         <kind>object</kind>
         <file>fontcm34i.obj</file>
         <name>fontcm34i.obj</name>
      </input_file>
      <input_file id="fl-28">
         <path>.\GrLib\fonts\</path>
         <kind>object</kind>
         <file>fontcm36.obj</file>
         <name>fontcm36.obj</name>
      </input_file>
      <input_file id="fl-29">
         <path>.\GrLib\fonts\</path>
         <kind>object</kind>
         <file>fontcm36b.obj</file>
         <name>fontcm36b.obj</name>
      </input_file>
      <input_file id="fl-2a">
         <path>.\GrLib\fonts\</path>
         <kind>object</kind>
         <file>fontcm36i.obj</file>
         <name>fontcm36i.obj</name>
      </input_file>
      <input_file id="fl-2b">
         <path>.\GrLib\fonts\</path>
         <kind>object</kind>
         <file>fontcm38.obj</file>
         <name>fontcm38.obj</name>
      </input_file>
      <input_file id="fl-2c">
         <path>.\GrLib\fonts\</path>
         <kind>object</kind>
         <file>fontcm38b.obj</file>
         <name>fontcm38b.obj</name>
      </input_file>
      <input_file id="fl-2d">
         <path>.\GrLib\fonts\</path>
         <kind>object</kind>
         <file>fontcm38i.obj</file>
         <name>fontcm38i.obj</name>
      </input_file>
      <input_file id="fl-2e">
         <path>.\GrLib\fonts\</path>
         <kind>object</kind>
         <file>fontcm40.obj</file>
         <name>fontcm40.obj</name>
      </input_file>
      <input_file id="fl-2f">
         <path>.\GrLib\fonts\</path>
         <kind>object</kind>
         <file>fontcm40b.obj</file>
         <name>fontcm40b.obj</name>
      </input_file>
      <input_file id="fl-30">
         <path>.\GrLib\fonts\</path>
         <kind>object</kind>
         <file>fontcm40i.obj</file>
         <name>fontcm40i.obj</name>
      </input_file>
      <input_file id="fl-31">
         <path>.\GrLib\fonts\</path>
         <kind>object</kind>
         <file>fontcm42.obj</file>
         <name>fontcm42.obj</name>
      </input_file>
      <input_file id="fl-32">
         <path>.\GrLib\fonts\</path>
         <kind>object</kind>
         <file>fontcm42b.obj</file>
         <name>fontcm42b.obj</name>
      </input_file>
      <input_file id="fl-33">
         <path>.\GrLib\fonts\</path>
         <kind>object</kind>
         <file>fontcm42i.obj</file>
         <name>fontcm42i.obj</name>
      </input_file>
      <input_file id="fl-34">
         <path>.\GrLib\fonts\</path>
         <kind>object</kind>
         <file>fontcm44.obj</file>
         <name>fontcm44.obj</name>
      </input_file>
      <input_file id="fl-35">
         <path>.\GrLib\fonts\</path>
         <kind>object</kind>
         <file>fontcm44b.obj</file>
         <name>fontcm44b.obj</name>
      </input_file>
      <input_file id="fl-36">
         <path>.\GrLib\fonts\</path>
         <kind>object</kind>
         <file>fontcm44i.obj</file>
         <name>fontcm44i.obj</name>
      </input_file>
      <input_file id="fl-37">
         <path>.\GrLib\fonts\</path>
         <kind>object</kind>
         <file>fontcm46.obj</file>
         <name>fontcm46.obj</name>
      </input_file>
      <input_file id="fl-38">
         <path>.\GrLib\fonts\</path>
         <kind>object</kind>
         <file>fontcm46b.obj</file>
         <name>fontcm46b.obj</name>
      </input_file>
      <input_file id="fl-39">
         <path>.\GrLib\fonts\</path>
         <kind>object</kind>
         <file>fontcm46i.obj</file>
         <name>fontcm46i.obj</name>
      </input_file>
      <input_file id="fl-3a">
         <path>.\GrLib\fonts\</path>
         <kind>object</kind>
         <file>fontcm48.obj</file>
         <name>fontcm48.obj</name>
      </input_file>
      <input_file id="fl-3b">
         <path>.\GrLib\fonts\</path>
         <kind>object</kind>
         <file>fontcm48b.obj</file>
         <name>fontcm48b.obj</name>
      </input_file>
      <input_file id="fl-3c">
         <path>.\GrLib\fonts\</path>
         <kind>object</kind>
         <file>fontcm48i.obj</file>
         <name>fontcm48i.obj</name>
      </input_file>
      <input_file id="fl-3d">
         <path>.\GrLib\fonts\</path>
         <kind>object</kind>
         <file>fontcmsc12.obj</file>
         <name>fontcmsc12.obj</name>
      </input_file>
      <input_file id="fl-3e">
         <path>.\GrLib\fonts\</path>
         <kind>object</kind>
         <file>fontcmsc14.obj</file>
         <name>fontcmsc14.obj</name>
      </input_file>
      <input_file id="fl-3f">
         <path>.\GrLib\fonts\</path>
         <kind>object</kind>
         <file>fontcmsc16.obj</file>
         <name>fontcmsc16.obj</name>
      </input_file>
      <input_file id="fl-40">
         <path>.\GrLib\fonts\</path>
         <kind>object</kind>
         <file>fontcmsc18.obj</file>
         <name>fontcmsc18.obj</name>
      </input_file>
      <input_file id="fl-41">
         <path>.\GrLib\fonts\</path>
         <kind>object</kind>
         <file>fontcmsc20.obj</file>
         <name>fontcmsc20.obj</name>
      </input_file>
      <input_file id="fl-42">
         <path>.\GrLib\fonts\</path>
         <kind>object</kind>
         <file>fontcmsc22.obj</file>
         <name>fontcmsc22.obj</name>
      </input_file>
      <input_file id="fl-43">
         <path>.\GrLib\fonts\</path>
         <kind>object</kind>
         <file>fontcmsc24.obj</file>
         <name>fontcmsc24.obj</name>
      </input_file>
      <input_file id="fl-44">
         <path>.\GrLib\fonts\</path>
         <kind>object</kind>
         <file>fontcmsc26.obj</file>
         <name>fontcmsc26.obj</name>
      </input_file>
      <input_file id="fl-45">
         <path>.\GrLib\fonts\</path>
         <kind>object</kind>
         <file>fontcmsc28.obj</file>
         <name>fontcmsc28.obj</name>
      </input_file>
      <input_file id="fl-46">
         <path>.\GrLib\fonts\</path>
         <kind>object</kind>
         <file>fontcmsc30.obj</file>
         <name>fontcmsc30.obj</name>
      </input_file>
      <input_file id="fl-47">
         <path>.\GrLib\fonts\</path>
         <kind>object</kind>
         <file>fontcmsc32.obj</file>
         <name>fontcmsc32.obj</name>
      </input_file>
      <input_file id="fl-48">
         <path>.\GrLib\fonts\</path>
         <kind>object</kind>
         <file>fontcmsc34.obj</file>
         <name>fontcmsc34.obj</name>
      </input_file>
      <input_file id="fl-49">
         <path>.\GrLib\fonts\</path>
         <kind>object</kind>
         <file>fontcmsc36.obj</file>
         <name>fontcmsc36.obj</name>
      </input_file>
      <input_file id="fl-4a">
         <path>.\GrLib\fonts\</path>
         <kind>object</kind>
         <file>fontcmsc38.obj</file>
         <name>fontcmsc38.obj</name>
      </input_file>
      <input_file id="fl-4b">
         <path>.\GrLib\fonts\</path>
         <kind>object</kind>
         <file>fontcmsc40.obj</file>
         <name>fontcmsc40.obj</name>
      </input_file>
      <input_file id="fl-4c">
         <path>.\GrLib\fonts\</path>
         <kind>object</kind>
         <file>fontcmsc42.obj</file>
         <name>fontcmsc42.obj</name>
      </input_file>
      <input_file id="fl-4d">
         <path>.\GrLib\fonts\</path>
         <kind>object</kind>
         <file>fontcmsc44.obj</file>
         <name>fontcmsc44.obj</name>
      </input_file>
      <input_file id="fl-4e">
         <path>.\GrLib\fonts\</path>
         <kind>object</kind>
         <file>fontcmsc46.obj</file>
         <name>fontcmsc46.obj</name>
      </input_file>
      <input_file id="fl-4f">
         <path>.\GrLib\fonts\</path>
         <kind>object</kind>
         <file>fontcmsc48.obj</file>
         <name>fontcmsc48.obj</name>
      </input_file>
      <input_file id="fl-50">
         <path>.\GrLib\fonts\</path>
         <kind>object</kind>
         <file>fontcmss12.obj</file>
         <name>fontcmss12.obj</name>
      </input_file>
      <input_file id="fl-51">
         <path>.\GrLib\fonts\</path>
         <kind>object</kind>
         <file>fontcmss12b.obj</file>
         <name>fontcmss12b.obj</name>
      </input_file>
      <input_file id="fl-52">
         <path>.\GrLib\fonts\</path>
         <kind>object</kind>
         <file>fontcmss12i.obj</file>
         <name>fontcmss12i.obj</name>
      </input_file>
      <input_file id="fl-53">
         <path>.\GrLib\fonts\</path>
         <kind>object</kind>
         <file>fontcmss14.obj</file>
         <name>fontcmss14.obj</name>
      </input_file>
      <input_file id="fl-54">
         <path>.\GrLib\fonts\</path>
         <kind>object</kind>
         <file>fontcmss14b.obj</file>
         <name>fontcmss14b.obj</name>
      </input_file>
      <input_file id="fl-55">
         <path>.\GrLib\fonts\</path>
         <kind>object</kind>
         <file>fontcmss14i.obj</file>
         <name>fontcmss14i.obj</name>
      </input_file>
      <input_file id="fl-56">
         <path>.\GrLib\fonts\</path>
         <kind>object</kind>
         <file>fontcmss16.obj</file>
         <name>fontcmss16.obj</name>
      </input_file>
      <input_file id="fl-57">
         <path>.\GrLib\fonts\</path>
         <kind>object</kind>
         <file>fontcmss16b.obj</file>
         <name>fontcmss16b.obj</name>
      </input_file>
      <input_file id="fl-58">
         <path>.\GrLib\fonts\</path>
         <kind>object</kind>
         <file>fontcmss16i.obj</file>
         <name>fontcmss16i.obj</name>
      </input_file>
      <input_file id="fl-59">
         <path>.\GrLib\fonts\</path>
         <kind>object</kind>
         <file>fontcmss18.obj</file>
         <name>fontcmss18.obj</name>
      </input_file>
      <input_file id="fl-5a">
         <path>.\GrLib\fonts\</path>
         <kind>object</kind>
         <file>fontcmss18b.obj</file>
         <name>fontcmss18b.obj</name>
      </input_file>
      <input_file id="fl-5b">
         <path>.\GrLib\fonts\</path>
         <kind>object</kind>
         <file>fontcmss18i.obj</file>
         <name>fontcmss18i.obj</name>
      </input_file>
      <input_file id="fl-5c">
         <path>.\GrLib\fonts\</path>
         <kind>object</kind>
         <file>fontcmss20.obj</file>
         <name>fontcmss20.obj</name>
      </input_file>
      <input_file id="fl-5d">
         <path>.\GrLib\fonts\</path>
         <kind>object</kind>
         <file>fontcmss20b.obj</file>
         <name>fontcmss20b.obj</name>
      </input_file>
      <input_file id="fl-5e">
         <path>.\GrLib\fonts\</path>
         <kind>object</kind>
         <file>fontcmss20i.obj</file>
         <name>fontcmss20i.obj</name>
      </input_file>
      <input_file id="fl-5f">
         <path>.\GrLib\fonts\</path>
         <kind>object</kind>
         <file>fontcmss22.obj</file>
         <name>fontcmss22.obj</name>
      </input_file>
      <input_file id="fl-60">
         <path>.\GrLib\fonts\</path>
         <kind>object</kind>
         <file>fontcmss22b.obj</file>
         <name>fontcmss22b.obj</name>
      </input_file>
      <input_file id="fl-61">
         <path>.\GrLib\fonts\</path>
         <kind>object</kind>
         <file>fontcmss22i.obj</file>
         <name>fontcmss22i.obj</name>
      </input_file>
      <input_file id="fl-62">
         <path>.\GrLib\fonts\</path>
         <kind>object</kind>
         <file>fontcmss24.obj</file>
         <name>fontcmss24.obj</name>
      </input_file>
      <input_file id="fl-63">
         <path>.\GrLib\fonts\</path>
         <kind>object</kind>
         <file>fontcmss24b.obj</file>
         <name>fontcmss24b.obj</name>
      </input_file>
      <input_file id="fl-64">
         <path>.\GrLib\fonts\</path>
         <kind>object</kind>
         <file>fontcmss24i.obj</file>
         <name>fontcmss24i.obj</name>
      </input_file>
      <input_file id="fl-65">
         <path>.\GrLib\fonts\</path>
         <kind>object</kind>
         <file>fontcmss26.obj</file>
         <name>fontcmss26.obj</name>
      </input_file>
      <input_file id="fl-66">
         <path>.\GrLib\fonts\</path>
         <kind>object</kind>
         <file>fontcmss26b.obj</file>
         <name>fontcmss26b.obj</name>
      </input_file>
      <input_file id="fl-67">
         <path>.\GrLib\fonts\</path>
         <kind>object</kind>
         <file>fontcmss26i.obj</file>
         <name>fontcmss26i.obj</name>
      </input_file>
      <input_file id="fl-68">
         <path>.\GrLib\fonts\</path>
         <kind>object</kind>
         <file>fontcmss28.obj</file>
         <name>fontcmss28.obj</name>
      </input_file>
      <input_file id="fl-69">
         <path>.\GrLib\fonts\</path>
         <kind>object</kind>
         <file>fontcmss28b.obj</file>
         <name>fontcmss28b.obj</name>
      </input_file>
      <input_file id="fl-6a">
         <path>.\GrLib\fonts\</path>
         <kind>object</kind>
         <file>fontcmss28i.obj</file>
         <name>fontcmss28i.obj</name>
      </input_file>
      <input_file id="fl-6b">
         <path>.\GrLib\fonts\</path>
         <kind>object</kind>
         <file>fontcmss30.obj</file>
         <name>fontcmss30.obj</name>
      </input_file>
      <input_file id="fl-6c">
         <path>.\GrLib\fonts\</path>
         <kind>object</kind>
         <file>fontcmss30b.obj</file>
         <name>fontcmss30b.obj</name>
      </input_file>
      <input_file id="fl-6d">
         <path>.\GrLib\fonts\</path>
         <kind>object</kind>
         <file>fontcmss30i.obj</file>
         <name>fontcmss30i.obj</name>
      </input_file>
      <input_file id="fl-6e">
         <path>.\GrLib\fonts\</path>
         <kind>object</kind>
         <file>fontcmss32.obj</file>
         <name>fontcmss32.obj</name>
      </input_file>
      <input_file id="fl-6f">
         <path>.\GrLib\fonts\</path>
         <kind>object</kind>
         <file>fontcmss32b.obj</file>
         <name>fontcmss32b.obj</name>
      </input_file>
      <input_file id="fl-70">
         <path>.\GrLib\fonts\</path>
         <kind>object</kind>
         <file>fontcmss32i.obj</file>
         <name>fontcmss32i.obj</name>
      </input_file>
      <input_file id="fl-71">
         <path>.\GrLib\fonts\</path>
         <kind>object</kind>
         <file>fontcmss34.obj</file>
         <name>fontcmss34.obj</name>
      </input_file>
      <input_file id="fl-72">
         <path>.\GrLib\fonts\</path>
         <kind>object</kind>
         <file>fontcmss34b.obj</file>
         <name>fontcmss34b.obj</name>
      </input_file>
      <input_file id="fl-73">
         <path>.\GrLib\fonts\</path>
         <kind>object</kind>
         <file>fontcmss34i.obj</file>
         <name>fontcmss34i.obj</name>
      </input_file>
      <input_file id="fl-74">
         <path>.\GrLib\fonts\</path>
         <kind>object</kind>
         <file>fontcmss36.obj</file>
         <name>fontcmss36.obj</name>
      </input_file>
      <input_file id="fl-75">
         <path>.\GrLib\fonts\</path>
         <kind>object</kind>
         <file>fontcmss36b.obj</file>
         <name>fontcmss36b.obj</name>
      </input_file>
      <input_file id="fl-76">
         <path>.\GrLib\fonts\</path>
         <kind>object</kind>
         <file>fontcmss36i.obj</file>
         <name>fontcmss36i.obj</name>
      </input_file>
      <input_file id="fl-77">
         <path>.\GrLib\fonts\</path>
         <kind>object</kind>
         <file>fontcmss38.obj</file>
         <name>fontcmss38.obj</name>
      </input_file>
      <input_file id="fl-78">
         <path>.\GrLib\fonts\</path>
         <kind>object</kind>
         <file>fontcmss38b.obj</file>
         <name>fontcmss38b.obj</name>
      </input_file>
      <input_file id="fl-79">
         <path>.\GrLib\fonts\</path>
         <kind>object</kind>
         <file>fontcmss38i.obj</file>
         <name>fontcmss38i.obj</name>
      </input_file>
      <input_file id="fl-7a">
         <path>.\GrLib\fonts\</path>
         <kind>object</kind>
         <file>fontcmss40.obj</file>
         <name>fontcmss40.obj</name>
      </input_file>
      <input_file id="fl-7b">
         <path>.\GrLib\fonts\</path>
         <kind>object</kind>
         <file>fontcmss40b.obj</file>
         <name>fontcmss40b.obj</name>
      </input_file>
      <input_file id="fl-7c">
         <path>.\GrLib\fonts\</path>
         <kind>object</kind>
         <file>fontcmss40i.obj</file>
         <name>fontcmss40i.obj</name>
      </input_file>
      <input_file id="fl-7d">
         <path>.\GrLib\fonts\</path>
         <kind>object</kind>
         <file>fontcmss42.obj</file>
         <name>fontcmss42.obj</name>
      </input_file>
      <input_file id="fl-7e">
         <path>.\GrLib\fonts\</path>
         <kind>object</kind>
         <file>fontcmss42b.obj</file>
         <name>fontcmss42b.obj</name>
      </input_file>
      <input_file id="fl-7f">
         <path>.\GrLib\fonts\</path>
         <kind>object</kind>
         <file>fontcmss42i.obj</file>
         <name>fontcmss42i.obj</name>
      </input_file>
      <input_file id="fl-80">
         <path>.\GrLib\fonts\</path>
         <kind>object</kind>
         <file>fontcmss44.obj</file>
         <name>fontcmss44.obj</name>
      </input_file>
      <input_file id="fl-81">
         <path>.\GrLib\fonts\</path>
         <kind>object</kind>
         <file>fontcmss44b.obj</file>
         <name>fontcmss44b.obj</name>
      </input_file>
      <input_file id="fl-82">
         <path>.\GrLib\fonts\</path>
         <kind>object</kind>
         <file>fontcmss44i.obj</file>
         <name>fontcmss44i.obj</name>
      </input_file>
      <input_file id="fl-83">
         <path>.\GrLib\fonts\</path>
         <kind>object</kind>
         <file>fontcmss46.obj</file>
         <name>fontcmss46.obj</name>
      </input_file>
      <input_file id="fl-84">
         <path>.\GrLib\fonts\</path>
         <kind>object</kind>
         <file>fontcmss46b.obj</file>
         <name>fontcmss46b.obj</name>
      </input_file>
      <input_file id="fl-85">
         <path>.\GrLib\fonts\</path>
         <kind>object</kind>
         <file>fontcmss46i.obj</file>
         <name>fontcmss46i.obj</name>
      </input_file>
      <input_file id="fl-86">
         <path>.\GrLib\fonts\</path>
         <kind>object</kind>
         <file>fontcmss48.obj</file>
         <name>fontcmss48.obj</name>
      </input_file>
      <input_file id="fl-87">
         <path>.\GrLib\fonts\</path>
         <kind>object</kind>
         <file>fontcmss48b.obj</file>
         <name>fontcmss48b.obj</name>
      </input_file>
      <input_file id="fl-88">
         <path>.\GrLib\fonts\</path>
         <kind>object</kind>
         <file>fontcmss48i.obj</file>
         <name>fontcmss48i.obj</name>
      </input_file>
      <input_file id="fl-89">
         <path>.\GrLib\fonts\</path>
         <kind>object</kind>
         <file>fontcmtt12.obj</file>
         <name>fontcmtt12.obj</name>
      </input_file>
      <input_file id="fl-8a">
         <path>.\GrLib\fonts\</path>
         <kind>object</kind>
         <file>fontcmtt14.obj</file>
         <name>fontcmtt14.obj</name>
      </input_file>
      <input_file id="fl-8b">
         <path>.\GrLib\fonts\</path>
         <kind>object</kind>
         <file>fontcmtt16.obj</file>
         <name>fontcmtt16.obj</name>
      </input_file>
      <input_file id="fl-8c">
         <path>.\GrLib\fonts\</path>
         <kind>object</kind>
         <file>fontcmtt18.obj</file>
         <name>fontcmtt18.obj</name>
      </input_file>
      <input_file id="fl-8d">
         <path>.\GrLib\fonts\</path>
         <kind>object</kind>
         <file>fontcmtt20.obj</file>
         <name>fontcmtt20.obj</name>
      </input_file>
      <input_file id="fl-8e">
         <path>.\GrLib\fonts\</path>
         <kind>object</kind>
         <file>fontcmtt22.obj</file>
         <name>fontcmtt22.obj</name>
      </input_file>
      <input_file id="fl-8f">
         <path>.\GrLib\fonts\</path>
         <kind>object</kind>
         <file>fontcmtt24.obj</file>
         <name>fontcmtt24.obj</name>
      </input_file>
      <input_file id="fl-90">
         <path>.\GrLib\fonts\</path>
         <kind>object</kind>
         <file>fontcmtt26.obj</file>
         <name>fontcmtt26.obj</name>
      </input_file>
      <input_file id="fl-91">
         <path>.\GrLib\fonts\</path>
         <kind>object</kind>
         <file>fontcmtt28.obj</file>
         <name>fontcmtt28.obj</name>
      </input_file>
      <input_file id="fl-92">
         <path>.\GrLib\fonts\</path>
         <kind>object</kind>
         <file>fontcmtt30.obj</file>
         <name>fontcmtt30.obj</name>
      </input_file>
      <input_file id="fl-93">
         <path>.\GrLib\fonts\</path>
         <kind>object</kind>
         <file>fontcmtt32.obj</file>
         <name>fontcmtt32.obj</name>
      </input_file>
      <input_file id="fl-94">
         <path>.\GrLib\fonts\</path>
         <kind>object</kind>
         <file>fontcmtt34.obj</file>
         <name>fontcmtt34.obj</name>
      </input_file>
      <input_file id="fl-95">
         <path>.\GrLib\fonts\</path>
         <kind>object</kind>
         <file>fontcmtt36.obj</file>
         <name>fontcmtt36.obj</name>
      </input_file>
      <input_file id="fl-96">
         <path>.\GrLib\fonts\</path>
         <kind>object</kind>
         <file>fontcmtt38.obj</file>
         <name>fontcmtt38.obj</name>
      </input_file>
      <input_file id="fl-97">
         <path>.\GrLib\fonts\</path>
         <kind>object</kind>
         <file>fontcmtt40.obj</file>
         <name>fontcmtt40.obj</name>
      </input_file>
      <input_file id="fl-98">
         <path>.\GrLib\fonts\</path>
         <kind>object</kind>
         <file>fontcmtt42.obj</file>
         <name>fontcmtt42.obj</name>
      </input_file>
      <input_file id="fl-99">
         <path>.\GrLib\fonts\</path>
         <kind>object</kind>
         <file>fontcmtt44.obj</file>
         <name>fontcmtt44.obj</name>
      </input_file>
      <input_file id="fl-9a">
         <path>.\GrLib\fonts\</path>
         <kind>object</kind>
         <file>fontcmtt46.obj</file>
         <name>fontcmtt46.obj</name>
      </input_file>
      <input_file id="fl-9b">
         <path>.\GrLib\fonts\</path>
         <kind>object</kind>
         <file>fontcmtt48.obj</file>
         <name>fontcmtt48.obj</name>
      </input_file>
      <input_file id="fl-9c">
         <path>.\GrLib\fonts\</path>
         <kind>object</kind>
         <file>fontfixed6x8.obj</file>
         <name>fontfixed6x8.obj</name>
      </input_file>
      <input_file id="fl-9d">
         <path>.\GrLib\grlib\</path>
         <kind>object</kind>
         <file>button.obj</file>
         <name>button.obj</name>
      </input_file>
      <input_file id="fl-9e">
         <path>.\GrLib\grlib\</path>
         <kind>object</kind>
         <file>checkbox.obj</file>
         <name>checkbox.obj</name>
      </input_file>
      <input_file id="fl-9f">
         <path>.\GrLib\grlib\</path>
         <kind>object</kind>
         <file>circle.obj</file>
         <name>circle.obj</name>
      </input_file>
      <input_file id="fl-a0">
         <path>.\GrLib\grlib\</path>
         <kind>object</kind>
         <file>context.obj</file>
         <name>context.obj</name>
      </input_file>
      <input_file id="fl-a1">
         <path>.\GrLib\grlib\</path>
         <kind>object</kind>
         <file>display.obj</file>
         <name>display.obj</name>
      </input_file>
      <input_file id="fl-a2">
         <path>.\GrLib\grlib\</path>
         <kind>object</kind>
         <file>image.obj</file>
         <name>image.obj</name>
      </input_file>
      <input_file id="fl-a3">
         <path>.\GrLib\grlib\</path>
         <kind>object</kind>
         <file>imageButton.obj</file>
         <name>imageButton.obj</name>
      </input_file>
      <input_file id="fl-a4">
         <path>.\GrLib\grlib\</path>
         <kind>object</kind>
         <file>line.obj</file>
         <name>line.obj</name>
      </input_file>
      <input_file id="fl-a5">
         <path>.\GrLib\grlib\</path>
         <kind>object</kind>
         <file>radioButton.obj</file>
         <name>radioButton.obj</name>
      </input_file>
      <input_file id="fl-a6">
         <path>.\GrLib\grlib\</path>
         <kind>object</kind>
         <file>rectangle.obj</file>
         <name>rectangle.obj</name>
      </input_file>
      <input_file id="fl-a7">
         <path>.\GrLib\grlib\</path>
         <kind>object</kind>
         <file>string.obj</file>
         <name>string.obj</name>
      </input_file>
      <input_file id="fl-a8">
         <path>.\LcdDriver\</path>
         <kind>object</kind>
         <file>HAL_MSP_EXP430FR5969_Sharp128x128.obj</file>
         <name>HAL_MSP_EXP430FR5969_Sharp128x128.obj</name>
      </input_file>
      <input_file id="fl-a9">
         <path>.\LcdDriver\</path>
         <kind>object</kind>
         <file>Sharp128x128.obj</file>
         <name>Sharp128x128.obj</name>
      </input_file>
      <input_file id="fl-aa">
         <path>.\driverlib\MSP430FR5xx_6xx\</path>
         <kind>object</kind>
         <file>adc12_b.obj</file>
         <name>adc12_b.obj</name>
      </input_file>
      <input_file id="fl-ab">
         <path>.\driverlib\MSP430FR5xx_6xx\</path>
         <kind>object</kind>
         <file>aes256.obj</file>
         <name>aes256.obj</name>
      </input_file>
      <input_file id="fl-ac">
         <path>.\driverlib\MSP430FR5xx_6xx\</path>
         <kind>object</kind>
         <file>comp_e.obj</file>
         <name>comp_e.obj</name>
      </input_file>
      <input_file id="fl-ad">
         <path>.\driverlib\MSP430FR5xx_6xx\</path>
         <kind>object</kind>
         <file>crc.obj</file>
         <name>crc.obj</name>
      </input_file>
      <input_file id="fl-ae">
         <path>.\driverlib\MSP430FR5xx_6xx\</path>
         <kind>object</kind>
         <file>crc32.obj</file>
         <name>crc32.obj</name>
      </input_file>
      <input_file id="fl-af">
         <path>.\driverlib\MSP430FR5xx_6xx\</path>
         <kind>object</kind>
         <file>cs.obj</file>
         <name>cs.obj</name>
      </input_file>
      <input_file id="fl-b0">
         <path>.\driverlib\MSP430FR5xx_6xx\</path>
         <kind>object</kind>
         <file>dma.obj</file>
         <name>dma.obj</name>
      </input_file>
      <input_file id="fl-b1">
         <path>.\driverlib\MSP430FR5xx_6xx\</path>
         <kind>object</kind>
         <file>esi.obj</file>
         <name>esi.obj</name>
      </input_file>
      <input_file id="fl-b2">
         <path>.\driverlib\MSP430FR5xx_6xx\</path>
         <kind>object</kind>
         <file>eusci_a_spi.obj</file>
         <name>eusci_a_spi.obj</name>
      </input_file>
      <input_file id="fl-b3">
         <path>.\driverlib\MSP430FR5xx_6xx\</path>
         <kind>object</kind>
         <file>eusci_a_uart.obj</file>
         <name>eusci_a_uart.obj</name>
      </input_file>
      <input_file id="fl-b4">
         <path>.\driverlib\MSP430FR5xx_6xx\</path>
         <kind>object</kind>
         <file>eusci_b_i2c.obj</file>
         <name>eusci_b_i2c.obj</name>
      </input_file>
      <input_file id="fl-b5">
         <path>.\driverlib\MSP430FR5xx_6xx\</path>
         <kind>object</kind>
         <file>eusci_b_spi.obj</file>
         <name>eusci_b_spi.obj</name>
      </input_file>
      <input_file id="fl-b6">
         <path>.\driverlib\MSP430FR5xx_6xx\</path>
         <kind>object</kind>
         <file>framctl.obj</file>
         <name>framctl.obj</name>
      </input_file>
      <input_file id="fl-b7">
         <path>.\driverlib\MSP430FR5xx_6xx\</path>
         <kind>object</kind>
         <file>framctl_a.obj</file>
         <name>framctl_a.obj</name>
      </input_file>
      <input_file id="fl-b8">
         <path>.\driverlib\MSP430FR5xx_6xx\</path>
         <kind>object</kind>
         <file>gpio.obj</file>
         <name>gpio.obj</name>
      </input_file>
      <input_file id="fl-b9">
         <path>.\driverlib\MSP430FR5xx_6xx\</path>
         <kind>object</kind>
         <file>hspll.obj</file>
         <name>hspll.obj</name>
      </input_file>
      <input_file id="fl-ba">
         <path>.\driverlib\MSP430FR5xx_6xx\</path>
         <kind>object</kind>
         <file>lcd_c.obj</file>
         <name>lcd_c.obj</name>
      </input_file>
      <input_file id="fl-bb">
         <path>.\driverlib\MSP430FR5xx_6xx\</path>
         <kind>object</kind>
         <file>mpu.obj</file>
         <name>mpu.obj</name>
      </input_file>
      <input_file id="fl-bc">
         <path>.\driverlib\MSP430FR5xx_6xx\</path>
         <kind>object</kind>
         <file>mpy32.obj</file>
         <name>mpy32.obj</name>
      </input_file>
      <input_file id="fl-bd">
         <path>.\driverlib\MSP430FR5xx_6xx\</path>
         <kind>object</kind>
         <file>mtif.obj</file>
         <name>mtif.obj</name>
      </input_file>
      <input_file id="fl-be">
         <path>.\driverlib\MSP430FR5xx_6xx\</path>
         <kind>object</kind>
         <file>pmm.obj</file>
         <name>pmm.obj</name>
      </input_file>
      <input_file id="fl-bf">
         <path>.\driverlib\MSP430FR5xx_6xx\</path>
         <kind>object</kind>
         <file>ram.obj</file>
         <name>ram.obj</name>
      </input_file>
      <input_file id="fl-c0">
         <path>.\driverlib\MSP430FR5xx_6xx\</path>
         <kind>object</kind>
         <file>ref_a.obj</file>
         <name>ref_a.obj</name>
      </input_file>
      <input_file id="fl-c1">
         <path>.\driverlib\MSP430FR5xx_6xx\</path>
         <kind>object</kind>
         <file>rtc_b.obj</file>
         <name>rtc_b.obj</name>
      </input_file>
      <input_file id="fl-c2">
         <path>.\driverlib\MSP430FR5xx_6xx\</path>
         <kind>object</kind>
         <file>rtc_c.obj</file>
         <name>rtc_c.obj</name>
      </input_file>
      <input_file id="fl-c3">
         <path>.\driverlib\MSP430FR5xx_6xx\</path>
         <kind>object</kind>
         <file>saph.obj</file>
         <name>saph.obj</name>
      </input_file>
      <input_file id="fl-c4">
         <path>.\driverlib\MSP430FR5xx_6xx\</path>
         <kind>object</kind>
         <file>saph_a.obj</file>
         <name>saph_a.obj</name>
      </input_file>
      <input_file id="fl-c5">
         <path>.\driverlib\MSP430FR5xx_6xx\</path>
         <kind>object</kind>
         <file>sdhs.obj</file>
         <name>sdhs.obj</name>
      </input_file>
      <input_file id="fl-c6">
         <path>.\driverlib\MSP430FR5xx_6xx\</path>
         <kind>object</kind>
         <file>sfr.obj</file>
         <name>sfr.obj</name>
      </input_file>
      <input_file id="fl-c7">
         <path>.\driverlib\MSP430FR5xx_6xx\</path>
         <kind>object</kind>
         <file>sysctl.obj</file>
         <name>sysctl.obj</name>
      </input_file>
      <input_file id="fl-c8">
         <path>.\driverlib\MSP430FR5xx_6xx\</path>
         <kind>object</kind>
         <file>timer_a.obj</file>
         <name>timer_a.obj</name>
      </input_file>
      <input_file id="fl-c9">
         <path>.\driverlib\MSP430FR5xx_6xx\</path>
         <kind>object</kind>
         <file>timer_b.obj</file>
         <name>timer_b.obj</name>
      </input_file>
      <input_file id="fl-ca">
         <path>.\driverlib\MSP430FR5xx_6xx\</path>
         <kind>object</kind>
         <file>tlv.obj</file>
         <name>tlv.obj</name>
      </input_file>
      <input_file id="fl-cb">
         <path>.\driverlib\MSP430FR5xx_6xx\</path>
         <kind>object</kind>
         <file>uups.obj</file>
         <name>uups.obj</name>
      </input_file>
      <input_file id="fl-cc">
         <path>.\driverlib\MSP430FR5xx_6xx\</path>
         <kind>object</kind>
         <file>wdt_a.obj</file>
         <name>wdt_a.obj</name>
      </input_file>
      <input_file id="fl-cd">
         <path>.\images\</path>
         <kind>object</kind>
         <file>LPRocket_96x37.obj</file>
         <name>LPRocket_96x37.obj</name>
      </input_file>
      <input_file id="fl-ce">
         <path>.\images\</path>
         <kind>object</kind>
         <file>TI_Logo_69x64.obj</file>
         <name>TI_Logo_69x64.obj</name>
      </input_file>
      <input_file id="fl-d5">
         <kind>object</kind>
         <file>&lt;internal&gt;</file>
         <name>&lt;internal&gt;</name>
      </input_file>
      <input_file id="fl-f5">
         <path>C:\ti\ccs1230\ccs\tools\compiler\ti-cgt-msp430_21.6.1.LTS\lib\</path>
         <kind>archive</kind>
         <file>rts430x_lc_ld_eabi.lib</file>
         <name>copy_decompress_lzss.c.obj</name>
      </input_file>
      <input_file id="fl-f6">
         <path>C:\ti\ccs1230\ccs\tools\compiler\ti-cgt-msp430_21.6.1.LTS\lib\</path>
         <kind>archive</kind>
         <file>rts430x_lc_ld_eabi.lib</file>
         <name>copy_decompress_none.c.obj</name>
      </input_file>
      <input_file id="fl-f7">
         <path>C:\ti\ccs1230\ccs\tools\compiler\ti-cgt-msp430_21.6.1.LTS\lib\</path>
         <kind>archive</kind>
         <file>rts430x_lc_ld_eabi.lib</file>
         <name>int18.asm.obj</name>
      </input_file>
      <input_file id="fl-f8">
         <path>C:\ti\ccs1230\ccs\tools\compiler\ti-cgt-msp430_21.6.1.LTS\lib\</path>
         <kind>archive</kind>
         <file>rts430x_lc_ld_eabi.lib</file>
         <name>isr_trap.asm.obj</name>
      </input_file>
      <input_file id="fl-f9">
         <path>C:\ti\ccs1230\ccs\tools\compiler\ti-cgt-msp430_21.6.1.LTS\lib\</path>
         <kind>archive</kind>
         <file>rts430x_lc_ld_eabi.lib</file>
         <name>int19.asm.obj</name>
      </input_file>
      <input_file id="fl-fa">
         <path>C:\ti\ccs1230\ccs\tools\compiler\ti-cgt-msp430_21.6.1.LTS\lib\</path>
         <kind>archive</kind>
         <file>rts430x_lc_ld_eabi.lib</file>
         <name>int20.asm.obj</name>
      </input_file>
      <input_file id="fl-fb">
         <path>C:\ti\ccs1230\ccs\tools\compiler\ti-cgt-msp430_21.6.1.LTS\lib\</path>
         <kind>archive</kind>
         <file>rts430x_lc_ld_eabi.lib</file>
         <name>int21.asm.obj</name>
      </input_file>
      <input_file id="fl-fc">
         <path>C:\ti\ccs1230\ccs\tools\compiler\ti-cgt-msp430_21.6.1.LTS\lib\</path>
         <kind>archive</kind>
         <file>rts430x_lc_ld_eabi.lib</file>
         <name>int22.asm.obj</name>
      </input_file>
      <input_file id="fl-fd">
         <path>C:\ti\ccs1230\ccs\tools\compiler\ti-cgt-msp430_21.6.1.LTS\lib\</path>
         <kind>archive</kind>
         <file>rts430x_lc_ld_eabi.lib</file>
         <name>int23.asm.obj</name>
      </input_file>
      <input_file id="fl-fe">
         <path>C:\ti\ccs1230\ccs\tools\compiler\ti-cgt-msp430_21.6.1.LTS\lib\</path>
         <kind>archive</kind>
         <file>rts430x_lc_ld_eabi.lib</file>
         <name>int24.asm.obj</name>
      </input_file>
      <input_file id="fl-ff">
         <path>C:\ti\ccs1230\ccs\tools\compiler\ti-cgt-msp430_21.6.1.LTS\lib\</path>
         <kind>archive</kind>
         <file>rts430x_lc_ld_eabi.lib</file>
         <name>int25.asm.obj</name>
      </input_file>
      <input_file id="fl-100">
         <path>C:\ti\ccs1230\ccs\tools\compiler\ti-cgt-msp430_21.6.1.LTS\lib\</path>
         <kind>archive</kind>
         <file>rts430x_lc_ld_eabi.lib</file>
         <name>int26.asm.obj</name>
      </input_file>
      <input_file id="fl-101">
         <path>C:\ti\ccs1230\ccs\tools\compiler\ti-cgt-msp430_21.6.1.LTS\lib\</path>
         <kind>archive</kind>
         <file>rts430x_lc_ld_eabi.lib</file>
         <name>int27.asm.obj</name>
      </input_file>
      <input_file id="fl-102">
         <path>C:\ti\ccs1230\ccs\tools\compiler\ti-cgt-msp430_21.6.1.LTS\lib\</path>
         <kind>archive</kind>
         <file>rts430x_lc_ld_eabi.lib</file>
         <name>int28.asm.obj</name>
      </input_file>
      <input_file id="fl-103">
         <path>C:\ti\ccs1230\ccs\tools\compiler\ti-cgt-msp430_21.6.1.LTS\lib\</path>
         <kind>archive</kind>
         <file>rts430x_lc_ld_eabi.lib</file>
         <name>int29.asm.obj</name>
      </input_file>
      <input_file id="fl-104">
         <path>C:\ti\ccs1230\ccs\tools\compiler\ti-cgt-msp430_21.6.1.LTS\lib\</path>
         <kind>archive</kind>
         <file>rts430x_lc_ld_eabi.lib</file>
         <name>int30.asm.obj</name>
      </input_file>
      <input_file id="fl-105">
         <path>C:\ti\ccs1230\ccs\tools\compiler\ti-cgt-msp430_21.6.1.LTS\lib\</path>
         <kind>archive</kind>
         <file>rts430x_lc_ld_eabi.lib</file>
         <name>int31.asm.obj</name>
      </input_file>
      <input_file id="fl-106">
         <path>C:\ti\ccs1230\ccs\tools\compiler\ti-cgt-msp430_21.6.1.LTS\lib\</path>
         <kind>archive</kind>
         <file>rts430x_lc_ld_eabi.lib</file>
         <name>int32.asm.obj</name>
      </input_file>
      <input_file id="fl-107">
         <path>C:\ti\ccs1230\ccs\tools\compiler\ti-cgt-msp430_21.6.1.LTS\lib\</path>
         <kind>archive</kind>
         <file>rts430x_lc_ld_eabi.lib</file>
         <name>int33.asm.obj</name>
      </input_file>
      <input_file id="fl-108">
         <path>C:\ti\ccs1230\ccs\tools\compiler\ti-cgt-msp430_21.6.1.LTS\lib\</path>
         <kind>archive</kind>
         <file>rts430x_lc_ld_eabi.lib</file>
         <name>int34.asm.obj</name>
      </input_file>
      <input_file id="fl-109">
         <path>C:\ti\ccs1230\ccs\tools\compiler\ti-cgt-msp430_21.6.1.LTS\lib\</path>
         <kind>archive</kind>
         <file>rts430x_lc_ld_eabi.lib</file>
         <name>int35.asm.obj</name>
      </input_file>
      <input_file id="fl-10a">
         <path>C:\ti\ccs1230\ccs\tools\compiler\ti-cgt-msp430_21.6.1.LTS\lib\</path>
         <kind>archive</kind>
         <file>rts430x_lc_ld_eabi.lib</file>
         <name>int36.asm.obj</name>
      </input_file>
      <input_file id="fl-10b">
         <path>C:\ti\ccs1230\ccs\tools\compiler\ti-cgt-msp430_21.6.1.LTS\lib\</path>
         <kind>archive</kind>
         <file>rts430x_lc_ld_eabi.lib</file>
         <name>int37.asm.obj</name>
      </input_file>
      <input_file id="fl-10c">
         <path>C:\ti\ccs1230\ccs\tools\compiler\ti-cgt-msp430_21.6.1.LTS\lib\</path>
         <kind>archive</kind>
         <file>rts430x_lc_ld_eabi.lib</file>
         <name>int38.asm.obj</name>
      </input_file>
      <input_file id="fl-10d">
         <path>C:\ti\ccs1230\ccs\tools\compiler\ti-cgt-msp430_21.6.1.LTS\lib\</path>
         <kind>archive</kind>
         <file>rts430x_lc_ld_eabi.lib</file>
         <name>int39.asm.obj</name>
      </input_file>
      <input_file id="fl-10e">
         <path>C:\ti\ccs1230\ccs\tools\compiler\ti-cgt-msp430_21.6.1.LTS\lib\</path>
         <kind>archive</kind>
         <file>rts430x_lc_ld_eabi.lib</file>
         <name>int42.asm.obj</name>
      </input_file>
      <input_file id="fl-10f">
         <path>C:\ti\ccs1230\ccs\tools\compiler\ti-cgt-msp430_21.6.1.LTS\lib\</path>
         <kind>archive</kind>
         <file>rts430x_lc_ld_eabi.lib</file>
         <name>int43.asm.obj</name>
      </input_file>
      <input_file id="fl-110">
         <path>C:\ti\ccs1230\ccs\tools\compiler\ti-cgt-msp430_21.6.1.LTS\lib\</path>
         <kind>archive</kind>
         <file>rts430x_lc_ld_eabi.lib</file>
         <name>int44.asm.obj</name>
      </input_file>
      <input_file id="fl-111">
         <path>C:\ti\ccs1230\ccs\tools\compiler\ti-cgt-msp430_21.6.1.LTS\lib\</path>
         <kind>archive</kind>
         <file>rts430x_lc_ld_eabi.lib</file>
         <name>int45.asm.obj</name>
      </input_file>
      <input_file id="fl-112">
         <path>C:\ti\ccs1230\ccs\tools\compiler\ti-cgt-msp430_21.6.1.LTS\lib\</path>
         <kind>archive</kind>
         <file>rts430x_lc_ld_eabi.lib</file>
         <name>int46.asm.obj</name>
      </input_file>
      <input_file id="fl-113">
         <path>C:\ti\ccs1230\ccs\tools\compiler\ti-cgt-msp430_21.6.1.LTS\lib\</path>
         <kind>archive</kind>
         <file>rts430x_lc_ld_eabi.lib</file>
         <name>int47.asm.obj</name>
      </input_file>
      <input_file id="fl-114">
         <path>C:\ti\ccs1230\ccs\tools\compiler\ti-cgt-msp430_21.6.1.LTS\lib\</path>
         <kind>archive</kind>
         <file>rts430x_lc_ld_eabi.lib</file>
         <name>int48.asm.obj</name>
      </input_file>
      <input_file id="fl-115">
         <path>C:\ti\ccs1230\ccs\tools\compiler\ti-cgt-msp430_21.6.1.LTS\lib\</path>
         <kind>archive</kind>
         <file>rts430x_lc_ld_eabi.lib</file>
         <name>int49.asm.obj</name>
      </input_file>
      <input_file id="fl-116">
         <path>C:\ti\ccs1230\ccs\tools\compiler\ti-cgt-msp430_21.6.1.LTS\lib\</path>
         <kind>archive</kind>
         <file>rts430x_lc_ld_eabi.lib</file>
         <name>int50.asm.obj</name>
      </input_file>
      <input_file id="fl-117">
         <path>C:\ti\ccs1230\ccs\tools\compiler\ti-cgt-msp430_21.6.1.LTS\lib\</path>
         <kind>archive</kind>
         <file>rts430x_lc_ld_eabi.lib</file>
         <name>int51.asm.obj</name>
      </input_file>
      <input_file id="fl-118">
         <path>C:\ti\ccs1230\ccs\tools\compiler\ti-cgt-msp430_21.6.1.LTS\lib\</path>
         <kind>archive</kind>
         <file>rts430x_lc_ld_eabi.lib</file>
         <name>int52.asm.obj</name>
      </input_file>
      <input_file id="fl-119">
         <path>C:\ti\ccs1230\ccs\tools\compiler\ti-cgt-msp430_21.6.1.LTS\lib\</path>
         <kind>archive</kind>
         <file>rts430x_lc_ld_eabi.lib</file>
         <name>int53.asm.obj</name>
      </input_file>
      <input_file id="fl-11a">
         <path>C:\ti\ccs1230\ccs\tools\compiler\ti-cgt-msp430_21.6.1.LTS\lib\</path>
         <kind>archive</kind>
         <file>rts430x_lc_ld_eabi.lib</file>
         <name>int54.asm.obj</name>
      </input_file>
      <input_file id="fl-11b">
         <path>C:\ti\ccs1230\ccs\tools\compiler\ti-cgt-msp430_21.6.1.LTS\lib\</path>
         <kind>archive</kind>
         <file>rts430x_lc_ld_eabi.lib</file>
         <name>copy_zero_init.c.obj</name>
      </input_file>
      <input_file id="fl-11c">
         <path>C:\ti\ccs1230\ccs\tools\compiler\ti-cgt-msp430_21.6.1.LTS\lib\</path>
         <kind>archive</kind>
         <file>rts430x_lc_ld_eabi.lib</file>
         <name>div16s.asm.obj</name>
      </input_file>
      <input_file id="fl-11d">
         <path>C:\ti\ccs1230\ccs\tools\compiler\ti-cgt-msp430_21.6.1.LTS\lib\</path>
         <kind>archive</kind>
         <file>rts430x_lc_ld_eabi.lib</file>
         <name>div32s.asm.obj</name>
      </input_file>
      <input_file id="fl-11e">
         <path>C:\ti\ccs1230\ccs\tools\compiler\ti-cgt-msp430_21.6.1.LTS\lib\</path>
         <kind>archive</kind>
         <file>rts430x_lc_ld_eabi.lib</file>
         <name>div16u.asm.obj</name>
      </input_file>
      <input_file id="fl-11f">
         <path>C:\ti\ccs1230\ccs\tools\compiler\ti-cgt-msp430_21.6.1.LTS\lib\</path>
         <kind>archive</kind>
         <file>rts430x_lc_ld_eabi.lib</file>
         <name>div32u.asm.obj</name>
      </input_file>
      <input_file id="fl-120">
         <path>C:\ti\ccs1230\ccs\tools\compiler\ti-cgt-msp430_21.6.1.LTS\lib\</path>
         <kind>archive</kind>
         <file>rts430x_lc_ld_eabi.lib</file>
         <name>mult16.asm.obj</name>
      </input_file>
      <input_file id="fl-121">
         <path>C:\ti\ccs1230\ccs\tools\compiler\ti-cgt-msp430_21.6.1.LTS\lib\</path>
         <kind>archive</kind>
         <file>rts430x_lc_ld_eabi.lib</file>
         <name>mult16_f5hw.asm.obj</name>
      </input_file>
      <input_file id="fl-122">
         <path>C:\ti\ccs1230\ccs\tools\compiler\ti-cgt-msp430_21.6.1.LTS\lib\</path>
         <kind>archive</kind>
         <file>rts430x_lc_ld_eabi.lib</file>
         <name>mult32.asm.obj</name>
      </input_file>
      <input_file id="fl-123">
         <path>C:\ti\ccs1230\ccs\tools\compiler\ti-cgt-msp430_21.6.1.LTS\lib\</path>
         <kind>archive</kind>
         <file>rts430x_lc_ld_eabi.lib</file>
         <name>mult32_f5hw.asm.obj</name>
      </input_file>
      <input_file id="fl-124">
         <path>C:\ti\ccs1230\ccs\tools\compiler\ti-cgt-msp430_21.6.1.LTS\lib\</path>
         <kind>archive</kind>
         <file>rts430x_lc_ld_eabi.lib</file>
         <name>mult64_f5hw.asm.obj</name>
      </input_file>
      <input_file id="fl-125">
         <path>C:\ti\ccs1230\ccs\tools\compiler\ti-cgt-msp430_21.6.1.LTS\lib\</path>
         <kind>archive</kind>
         <file>rts430x_lc_ld_eabi.lib</file>
         <name>mult1632_f5hw.asm.obj</name>
      </input_file>
      <input_file id="fl-126">
         <path>C:\ti\ccs1230\ccs\tools\compiler\ti-cgt-msp430_21.6.1.LTS\lib\</path>
         <kind>archive</kind>
         <file>rts430x_lc_ld_eabi.lib</file>
         <name>mult3264_f5hw.asm.obj</name>
      </input_file>
      <input_file id="fl-127">
         <path>C:\ti\ccs1230\ccs\tools\compiler\ti-cgt-msp430_21.6.1.LTS\lib\</path>
         <kind>archive</kind>
         <file>rts430x_lc_ld_eabi.lib</file>
         <name>lsl16.asm.obj</name>
      </input_file>
      <input_file id="fl-128">
         <path>C:\ti\ccs1230\ccs\tools\compiler\ti-cgt-msp430_21.6.1.LTS\lib\</path>
         <kind>archive</kind>
         <file>rts430x_lc_ld_eabi.lib</file>
         <name>asr16.asm.obj</name>
      </input_file>
      <input_file id="fl-129">
         <path>C:\ti\ccs1230\ccs\tools\compiler\ti-cgt-msp430_21.6.1.LTS\lib\</path>
         <kind>archive</kind>
         <file>rts430x_lc_ld_eabi.lib</file>
         <name>boot.c.obj</name>
      </input_file>
      <input_file id="fl-12a">
         <path>C:\ti\ccs1230\ccs\ccs_base\msp430\lib\FR59xx\</path>
         <kind>archive</kind>
         <file>MSPMPU_INIT_LIB_CCS_msp430_large_code_large_data.lib</file>
         <name>mpu_init.o</name>
      </input_file>
      <input_file id="fl-12b">
         <path>C:\ti\ccs1230\ccs\tools\compiler\ti-cgt-msp430_21.6.1.LTS\lib\</path>
         <kind>archive</kind>
         <file>rts430x_lc_ld_eabi.lib</file>
         <name>args_main.c.obj</name>
      </input_file>
      <input_file id="fl-12c">
         <path>C:\ti\ccs1230\ccs\tools\compiler\ti-cgt-msp430_21.6.1.LTS\lib\</path>
         <kind>archive</kind>
         <file>rts430x_lc_ld_eabi.lib</file>
         <name>autoinit.c.obj</name>
      </input_file>
      <input_file id="fl-12d">
         <path>C:\ti\ccs1230\ccs\tools\compiler\ti-cgt-msp430_21.6.1.LTS\lib\</path>
         <kind>archive</kind>
         <file>rts430x_lc_ld_eabi.lib</file>
         <name>asr32.asm.obj</name>
      </input_file>
      <input_file id="fl-12e">
         <path>C:\ti\ccs1230\ccs\tools\compiler\ti-cgt-msp430_21.6.1.LTS\lib\</path>
         <kind>archive</kind>
         <file>rts430x_lc_ld_eabi.lib</file>
         <name>startup.c.obj</name>
      </input_file>
      <input_file id="fl-12f">
         <path>C:\ti\ccs1230\ccs\tools\compiler\ti-cgt-msp430_21.6.1.LTS\lib\</path>
         <kind>archive</kind>
         <file>rts430x_lc_ld_eabi.lib</file>
         <name>cpy_tbl.c.obj</name>
      </input_file>
      <input_file id="fl-130">
         <path>C:\ti\ccs1230\ccs\tools\compiler\ti-cgt-msp430_21.6.1.LTS\lib\</path>
         <kind>archive</kind>
         <file>rts430x_lc_ld_eabi.lib</file>
         <name>exit.c.obj</name>
      </input_file>
      <input_file id="fl-131">
         <path>C:\ti\ccs1230\ccs\tools\compiler\ti-cgt-msp430_21.6.1.LTS\lib\</path>
         <kind>archive</kind>
         <file>rts430x_lc_ld_eabi.lib</file>
         <name>exit_gvars.c.obj</name>
      </input_file>
      <input_file id="fl-132">
         <path>C:\ti\ccs1230\ccs\tools\compiler\ti-cgt-msp430_21.6.1.LTS\lib\</path>
         <kind>archive</kind>
         <file>rts430x_lc_ld_eabi.lib</file>
         <name>_lock.c.obj</name>
      </input_file>
      <input_file id="fl-133">
         <path>C:\ti\ccs1230\ccs\tools\compiler\ti-cgt-msp430_21.6.1.LTS\lib\</path>
         <kind>archive</kind>
         <file>rts430x_lc_ld_eabi.lib</file>
         <name>memcpy.c.obj</name>
      </input_file>
   </input_file_list>
   <object_component_list>
      <object_component id="oc-bac">
         <name>__TI_handler_table</name>
         <load_address>0x4a5a</load_address>
         <run_address>0x4a5a</run_address>
         <size>0xc</size>
      </object_component>
      <object_component id="oc-baf">
         <name>.cinit..data.load</name>
         <load_address>0x4a66</load_address>
         <run_address>0x4a66</run_address>
         <size>0x7</size>
      </object_component>
      <object_component id="oc-bae">
         <name>.cinit..bss.load</name>
         <load_address>0x4a6e</load_address>
         <run_address>0x4a6e</run_address>
         <size>0x6</size>
      </object_component>
      <object_component id="oc-bad">
         <name>__TI_cinit_table</name>
         <load_address>0x4a74</load_address>
         <run_address>0x4a74</run_address>
         <size>0x10</size>
      </object_component>
      <object_component id="oc-b3b">
         <name>.binit</name>
         <load_address>0x4000</load_address>
         <run_address>0x4000</run_address>
         <size>0x0</size>
      </object_component>
      <object_component id="oc-6e7">
         <name>.text:_isr:TIMER1_A1_ISR</name>
         <load_address>0x4000</load_address>
         <run_address>0x4000</run_address>
         <size>0x44</size>
         <input_file_ref idref="fl-2"/>
      </object_component>
      <object_component id="oc-6ed">
         <name>.text:_isr:TIMER1_A0_ISR</name>
         <load_address>0x4044</load_address>
         <run_address>0x4044</run_address>
         <size>0x34</size>
         <input_file_ref idref="fl-2"/>
      </object_component>
      <object_component id="oc-71d">
         <name>.text:_isr:_c_int00_noargs_mpu</name>
         <load_address>0x4078</load_address>
         <run_address>0x4078</run_address>
         <size>0x20</size>
         <input_file_ref idref="fl-129"/>
      </object_component>
      <object_component id="oc-6e2">
         <name>.text:_isr:__TI_ISR_TRAP</name>
         <load_address>0x4098</load_address>
         <run_address>0x4098</run_address>
         <size>0x8</size>
         <input_file_ref idref="fl-f8"/>
      </object_component>
      <object_component id="oc-91e">
         <name>.const:.string:g_pucFontFixed6x8Data</name>
         <load_address>0x40a0</load_address>
         <run_address>0x40a0</run_address>
         <size>0x2f8</size>
         <input_file_ref idref="fl-9c"/>
      </object_component>
      <object_component id="oc-9fd">
         <name>.const:.string:pixel_TI_Logo_69x64_1BPP_UNCOMP</name>
         <load_address>0x4398</load_address>
         <run_address>0x4398</run_address>
         <size>0x240</size>
         <input_file_ref idref="fl-ce"/>
      </object_component>
      <object_component id="oc-9df">
         <name>.const:.string:pixel_LPRocket_96x37_1BPP_UNCOMP</name>
         <load_address>0x45d8</load_address>
         <run_address>0x45d8</run_address>
         <size>0x1bc</size>
         <input_file_ref idref="fl-cd"/>
      </object_component>
      <object_component id="oc-7cb">
         <name>.const:g_sFontFixed6x8</name>
         <load_address>0x4794</load_address>
         <run_address>0x4794</run_address>
         <size>0xc8</size>
         <input_file_ref idref="fl-9c"/>
      </object_component>
      <object_component id="oc-7ce">
         <name>.const:.string</name>
         <load_address>0x485c</load_address>
         <run_address>0x485c</run_address>
         <size>0xc6</size>
         <input_file_ref idref="fl-2"/>
      </object_component>
      <object_component id="oc-802">
         <name>.const:g_sharp128x128LCD</name>
         <load_address>0x4922</load_address>
         <run_address>0x4922</run_address>
         <size>0x2c</size>
         <input_file_ref idref="fl-a9"/>
      </object_component>
      <object_component id="oc-7c8">
         <name>.const:$P$T0$1</name>
         <load_address>0x494e</load_address>
         <run_address>0x494e</run_address>
         <size>0x1c</size>
         <input_file_ref idref="fl-2"/>
      </object_component>
      <object_component id="oc-7cf">
         <name>.const:$P$T1$2</name>
         <load_address>0x496a</load_address>
         <run_address>0x496a</run_address>
         <size>0x1c</size>
         <input_file_ref idref="fl-2"/>
      </object_component>
      <object_component id="oc-7d2">
         <name>.const:$P$T2$3</name>
         <load_address>0x4986</load_address>
         <run_address>0x4986</run_address>
         <size>0x1c</size>
         <input_file_ref idref="fl-2"/>
      </object_component>
      <object_component id="oc-7d5">
         <name>.const:$P$T3$4</name>
         <load_address>0x49a2</load_address>
         <run_address>0x49a2</run_address>
         <size>0x1c</size>
         <input_file_ref idref="fl-2"/>
      </object_component>
      <object_component id="oc-92a">
         <name>.const:GPIO_PORT_TO_BASE</name>
         <load_address>0x49be</load_address>
         <run_address>0x49be</run_address>
         <size>0x1c</size>
         <input_file_ref idref="fl-b8"/>
      </object_component>
      <object_component id="oc-a7c">
         <name>.const:$P$T0$1</name>
         <load_address>0x49da</load_address>
         <run_address>0x49da</run_address>
         <size>0x12</size>
         <input_file_ref idref="fl-a8"/>
      </object_component>
      <object_component id="oc-a99">
         <name>.const:.string:reverse_data</name>
         <load_address>0x49ec</load_address>
         <run_address>0x49ec</run_address>
         <size>0x10</size>
         <input_file_ref idref="fl-a9"/>
      </object_component>
      <object_component id="oc-856">
         <name>.const:LPRocket_96x37_1BPP_UNCOMP</name>
         <load_address>0x49fc</load_address>
         <run_address>0x49fc</run_address>
         <size>0x10</size>
         <input_file_ref idref="fl-cd"/>
      </object_component>
      <object_component id="oc-85f">
         <name>.const:TI_Logo_69x64_1BPP_UNCOMP</name>
         <load_address>0x4a0c</load_address>
         <run_address>0x4a0c</run_address>
         <size>0x10</size>
         <input_file_ref idref="fl-ce"/>
      </object_component>
      <object_component id="oc-933">
         <name>.const:$P$T4$5</name>
         <load_address>0x4a1c</load_address>
         <run_address>0x4a1c</run_address>
         <size>0xe</size>
         <input_file_ref idref="fl-2"/>
      </object_component>
      <object_component id="oc-936">
         <name>.const:$P$T5$6</name>
         <load_address>0x4a2a</load_address>
         <run_address>0x4a2a</run_address>
         <size>0x8</size>
         <input_file_ref idref="fl-2"/>
      </object_component>
      <object_component id="oc-880">
         <name>.const:myRectangle1</name>
         <load_address>0x4a32</load_address>
         <run_address>0x4a32</run_address>
         <size>0x8</size>
         <input_file_ref idref="fl-2"/>
      </object_component>
      <object_component id="oc-889">
         <name>.const:myRectangle2</name>
         <load_address>0x4a3a</load_address>
         <run_address>0x4a3a</run_address>
         <size>0x8</size>
         <input_file_ref idref="fl-2"/>
      </object_component>
      <object_component id="oc-841">
         <name>.const:myRectangle3</name>
         <load_address>0x4a42</load_address>
         <run_address>0x4a42</run_address>
         <size>0x8</size>
         <input_file_ref idref="fl-2"/>
      </object_component>
      <object_component id="oc-9dc">
         <name>.const:palette_LPRocket_96x37_1BPP_UNCOMP</name>
         <load_address>0x4a4a</load_address>
         <run_address>0x4a4a</run_address>
         <size>0x8</size>
         <input_file_ref idref="fl-cd"/>
      </object_component>
      <object_component id="oc-9fa">
         <name>.const:palette_TI_Logo_69x64_1BPP_UNCOMP</name>
         <load_address>0x4a52</load_address>
         <run_address>0x4a52</run_address>
         <size>0x8</size>
         <input_file_ref idref="fl-ce"/>
      </object_component>
      <object_component id="oc-772">
         <name>.text:main</name>
         <load_address>0x10000</load_address>
         <run_address>0x10000</run_address>
         <size>0x686</size>
         <input_file_ref idref="fl-2"/>
      </object_component>
      <object_component id="oc-817">
         <name>.text:Graphics_drawString</name>
         <load_address>0x10686</load_address>
         <run_address>0x10686</run_address>
         <size>0x67e</size>
         <input_file_ref idref="fl-a7"/>
      </object_component>
      <object_component id="oc-83b">
         <name>.text:Graphics_fillCircle</name>
         <load_address>0x10d04</load_address>
         <run_address>0x10d04</run_address>
         <size>0x38c</size>
         <input_file_ref idref="fl-9f"/>
      </object_component>
      <object_component id="oc-835">
         <name>.text:Graphics_drawCircle</name>
         <load_address>0x11090</load_address>
         <run_address>0x11090</run_address>
         <size>0x37e</size>
         <input_file_ref idref="fl-9f"/>
      </object_component>
      <object_component id="oc-823">
         <name>.text:Graphics_drawLine</name>
         <load_address>0x1140e</load_address>
         <run_address>0x1140e</run_address>
         <size>0x296</size>
         <input_file_ref idref="fl-a4"/>
      </object_component>
      <object_component id="oc-859">
         <name>.text:Graphics_drawImage</name>
         <load_address>0x116a4</load_address>
         <run_address>0x116a4</run_address>
         <size>0x256</size>
         <input_file_ref idref="fl-a2"/>
      </object_component>
      <object_component id="oc-9b7">
         <name>.text:Graphics_clipLine</name>
         <load_address>0x118fa</load_address>
         <run_address>0x118fa</run_address>
         <size>0x1a0</size>
         <input_file_ref idref="fl-a4"/>
      </object_component>
      <object_component id="oc-87a">
         <name>.text:Graphics_drawCheckBox</name>
         <load_address>0x11a9a</load_address>
         <run_address>0x11a9a</run_address>
         <size>0x138</size>
         <input_file_ref idref="fl-9e"/>
      </object_component>
      <object_component id="oc-7e4">
         <name>.text:CS_setDCOFreq</name>
         <load_address>0x11bd2</load_address>
         <run_address>0x11bd2</run_address>
         <size>0xf0</size>
         <input_file_ref idref="fl-af"/>
      </object_component>
      <object_component id="oc-883">
         <name>.text:Graphics_drawRectangle</name>
         <load_address>0x11cc2</load_address>
         <run_address>0x11cc2</run_address>
         <size>0xf0</size>
         <input_file_ref idref="fl-a6"/>
      </object_component>
      <object_component id="oc-86e">
         <name>.text:Graphics_drawRadioButton</name>
         <load_address>0x11db2</load_address>
         <run_address>0x11db2</run_address>
         <size>0xec</size>
         <input_file_ref idref="fl-a5"/>
      </object_component>
      <object_component id="oc-96f">
         <name>.text:Sharp128x128_RectFill</name>
         <load_address>0x11e9e</load_address>
         <run_address>0x11e9e</run_address>
         <size>0xd2</size>
         <input_file_ref idref="fl-a9"/>
      </object_component>
      <object_component id="oc-999">
         <name>.text:Graphics_drawLineH</name>
         <load_address>0x11f70</load_address>
         <run_address>0x11f70</run_address>
         <size>0xc4</size>
         <input_file_ref idref="fl-a4"/>
      </object_component>
      <object_component id="oc-963">
         <name>.text:Sharp128x128_LineDrawH</name>
         <load_address>0x12034</load_address>
         <run_address>0x12034</run_address>
         <size>0xc4</size>
         <input_file_ref idref="fl-a9"/>
      </object_component>
      <object_component id="oc-9bd">
         <name>.text:Graphics_drawLineV</name>
         <load_address>0x120f8</load_address>
         <run_address>0x120f8</run_address>
         <size>0xba</size>
         <input_file_ref idref="fl-a4"/>
      </object_component>
      <object_component id="oc-844">
         <name>.text:Graphics_fillRectangle</name>
         <load_address>0x121b2</load_address>
         <run_address>0x121b2</run_address>
         <size>0x98</size>
         <input_file_ref idref="fl-a6"/>
      </object_component>
      <object_component id="oc-98c">
         <name>.text:Graphics_getStringWidth</name>
         <load_address>0x1224a</load_address>
         <run_address>0x1224a</run_address>
         <size>0x90</size>
         <input_file_ref idref="fl-a7"/>
      </object_component>
      <object_component id="oc-97b">
         <name>.text:Sharp128x128_Flush</name>
         <load_address>0x122da</load_address>
         <run_address>0x122da</run_address>
         <size>0x82</size>
         <input_file_ref idref="fl-a9"/>
      </object_component>
      <object_component id="oc-811">
         <name>.text:Graphics_drawStringCentered</name>
         <load_address>0x1235c</load_address>
         <run_address>0x1235c</run_address>
         <size>0x78</size>
         <input_file_ref idref="fl-a7"/>
      </object_component>
      <object_component id="oc-94c">
         <name>.text:HAL_LCD_initDisplay</name>
         <load_address>0x123d4</load_address>
         <run_address>0x123d4</run_address>
         <size>0x78</size>
         <input_file_ref idref="fl-a8"/>
      </object_component>
      <object_component id="oc-8ca">
         <name>.text:__TI_auto_init_nobinit_nopinit_hold_wdt:__TI_auto_init_nobinit_nopinit_hold_wdt</name>
         <load_address>0x1244c</load_address>
         <run_address>0x1244c</run_address>
         <size>0x78</size>
         <input_file_ref idref="fl-12c"/>
      </object_component>
      <object_component id="oc-939">
         <name>.text:Timer_A_initUpMode</name>
         <load_address>0x124c4</load_address>
         <run_address>0x124c4</run_address>
         <size>0x76</size>
         <input_file_ref idref="fl-c8"/>
      </object_component>
      <object_component id="oc-84">
         <name>.text:decompress:lzss:__TI_decompress_lzss</name>
         <load_address>0x1253a</load_address>
         <run_address>0x1253a</run_address>
         <size>0x76</size>
         <input_file_ref idref="fl-f5"/>
      </object_component>
      <object_component id="oc-aba">
         <name>.text:Graphics_getClipCode</name>
         <load_address>0x125b0</load_address>
         <run_address>0x125b0</run_address>
         <size>0x72</size>
         <input_file_ref idref="fl-a4"/>
      </object_component>
      <object_component id="oc-a76">
         <name>.text:GPIO_setAsPeripheralModuleFunctionOutputPin</name>
         <load_address>0x12622</load_address>
         <run_address>0x12622</run_address>
         <size>0x68</size>
         <input_file_ref idref="fl-b8"/>
      </object_component>
      <object_component id="oc-aa7">
         <name>.text</name>
         <load_address>0x1268a</load_address>
         <run_address>0x1268a</run_address>
         <size>0x58</size>
         <input_file_ref idref="fl-11f"/>
      </object_component>
      <object_component id="oc-7f0">
         <name>.text:timerInit</name>
         <load_address>0x126e2</load_address>
         <run_address>0x126e2</run_address>
         <size>0x58</size>
         <input_file_ref idref="fl-2"/>
      </object_component>
      <object_component id="oc-7ea">
         <name>.text:CS_initClockSignal</name>
         <load_address>0x1273a</load_address>
         <run_address>0x1273a</run_address>
         <size>0x56</size>
         <input_file_ref idref="fl-af"/>
      </object_component>
      <object_component id="oc-a7f">
         <name>.text:EUSCI_B_SPI_initMaster</name>
         <load_address>0x12790</load_address>
         <run_address>0x12790</run_address>
         <size>0x56</size>
         <input_file_ref idref="fl-b5"/>
      </object_component>
      <object_component id="oc-981">
         <name>.text:Sharp128x128_ClearScreen</name>
         <load_address>0x127e6</load_address>
         <run_address>0x127e6</run_address>
         <size>0x4c</size>
         <input_file_ref idref="fl-a9"/>
      </object_component>
      <object_component id="oc-969">
         <name>.text:Sharp128x128_LineDrawV</name>
         <load_address>0x12832</load_address>
         <run_address>0x12832</run_address>
         <size>0x48</size>
         <input_file_ref idref="fl-a9"/>
      </object_component>
      <object_component id="oc-95d">
         <name>.text:Sharp128x128_DrawMultiple</name>
         <load_address>0x1287a</load_address>
         <run_address>0x1287a</run_address>
         <size>0x44</size>
         <input_file_ref idref="fl-a9"/>
      </object_component>
      <object_component id="oc-75d">
         <name>.text:Sharp128x128_SendToggleVCOMCommand</name>
         <load_address>0x128be</load_address>
         <run_address>0x128be</run_address>
         <size>0x40</size>
         <input_file_ref idref="fl-a9"/>
      </object_component>
      <object_component id="oc-992">
         <name>.text</name>
         <load_address>0x128fe</load_address>
         <run_address>0x128fe</run_address>
         <size>0x40</size>
         <input_file_ref idref="fl-11d"/>
      </object_component>
      <object_component id="oc-a31">
         <name>.text:l_asr_const</name>
         <load_address>0x1293e</load_address>
         <run_address>0x1293e</run_address>
         <size>0x3e</size>
         <input_file_ref idref="fl-12d"/>
      </object_component>
      <object_component id="oc-805">
         <name>.text:Graphics_initContext</name>
         <load_address>0x1297c</load_address>
         <run_address>0x1297c</run_address>
         <size>0x3c</size>
         <input_file_ref idref="fl-a0"/>
      </object_component>
      <object_component id="oc-6d5">
         <name>.text:memcpy</name>
         <load_address>0x129b8</load_address>
         <run_address>0x129b8</run_address>
         <size>0x3c</size>
         <input_file_ref idref="fl-133"/>
      </object_component>
      <object_component id="oc-93f">
         <name>.text:Timer_A_initCompareMode</name>
         <load_address>0x129f4</load_address>
         <run_address>0x129f4</run_address>
         <size>0x38</size>
         <input_file_ref idref="fl-c8"/>
      </object_component>
      <object_component id="oc-9f2">
         <name>.text:Graphics_drawMultiplePixelsOnDisplay</name>
         <load_address>0x12a2c</load_address>
         <run_address>0x12a2c</run_address>
         <size>0x36</size>
         <input_file_ref idref="fl-a1"/>
      </object_component>
      <object_component id="oc-7d8">
         <name>.text:GPIO_setAsOutputPin</name>
         <load_address>0x12a62</load_address>
         <run_address>0x12a62</run_address>
         <size>0x34</size>
         <input_file_ref idref="fl-b8"/>
      </object_component>
      <object_component id="oc-957">
         <name>.text:Sharp128x128_PixelDraw</name>
         <load_address>0x12a96</load_address>
         <run_address>0x12a96</run_address>
         <size>0x30</size>
         <input_file_ref idref="fl-a9"/>
      </object_component>
      <object_component id="oc-9aa">
         <name>.text:Graphics_getNumberOfLeadingZeros</name>
         <load_address>0x12ac6</load_address>
         <run_address>0x12ac6</run_address>
         <size>0x2e</size>
         <input_file_ref idref="fl-a7"/>
      </object_component>
      <object_component id="oc-784">
         <name>.text:__mpu_init</name>
         <load_address>0x12af4</load_address>
         <run_address>0x12af4</run_address>
         <size>0x2c</size>
         <input_file_ref idref="fl-12a"/>
      </object_component>
      <object_component id="oc-9ed">
         <name>.text</name>
         <load_address>0x12b20</load_address>
         <run_address>0x12b20</run_address>
         <size>0x2c</size>
         <input_file_ref idref="fl-11c"/>
      </object_component>
      <object_component id="oc-81d">
         <name>.text:Graphics_drawPixel</name>
         <load_address>0x12b4c</load_address>
         <run_address>0x12b4c</run_address>
         <size>0x28</size>
         <input_file_ref idref="fl-a0"/>
      </object_component>
      <object_component id="oc-6f9">
         <name>.text:decompress:ZI:__TI_zero_init</name>
         <load_address>0x12b74</load_address>
         <run_address>0x12b74</run_address>
         <size>0x24</size>
         <input_file_ref idref="fl-11b"/>
      </object_component>
      <object_component id="oc-ac0">
         <name>.text</name>
         <load_address>0x12b98</load_address>
         <run_address>0x12b98</run_address>
         <size>0x24</size>
         <input_file_ref idref="fl-123"/>
      </object_component>
      <object_component id="oc-7ac">
         <name>.text:HAL_LCD_writeCommandOrData</name>
         <load_address>0x12bbc</load_address>
         <run_address>0x12bbc</run_address>
         <size>0x20</size>
         <input_file_ref idref="fl-a8"/>
      </object_component>
      <object_component id="oc-8fd">
         <name>.text:GPIO_setOutputHighOnPin</name>
         <load_address>0x12bdc</load_address>
         <run_address>0x12bdc</run_address>
         <size>0x1c</size>
         <input_file_ref idref="fl-b8"/>
      </object_component>
      <object_component id="oc-7de">
         <name>.text:GPIO_setOutputLowOnPin</name>
         <load_address>0x12bf8</load_address>
         <run_address>0x12bf8</run_address>
         <size>0x1c</size>
         <input_file_ref idref="fl-b8"/>
      </object_component>
      <object_component id="oc-a9d">
         <name>.text:Sharp128x128_InitializeDisplayBuffer</name>
         <load_address>0x12c14</load_address>
         <run_address>0x12c14</run_address>
         <size>0x1a</size>
         <input_file_ref idref="fl-a9"/>
      </object_component>
      <object_component id="oc-aaf">
         <name>.text:Graphics_drawHorizontalLineOnDisplay</name>
         <load_address>0x12c2e</load_address>
         <run_address>0x12c2e</run_address>
         <size>0x18</size>
         <input_file_ref idref="fl-a1"/>
      </object_component>
      <object_component id="oc-ac6">
         <name>.text:Graphics_drawVerticalLineOnDisplay</name>
         <load_address>0x12c46</load_address>
         <run_address>0x12c46</run_address>
         <size>0x18</size>
         <input_file_ref idref="fl-a1"/>
      </object_component>
      <object_component id="oc-84a">
         <name>.text:Graphics_setBackgroundColor</name>
         <load_address>0x12c5e</load_address>
         <run_address>0x12c5e</run_address>
         <size>0x18</size>
         <input_file_ref idref="fl-a0"/>
      </object_component>
      <object_component id="oc-850">
         <name>.text:Graphics_setForegroundColor</name>
         <load_address>0x12c76</load_address>
         <run_address>0x12c76</run_address>
         <size>0x18</size>
         <input_file_ref idref="fl-a0"/>
      </object_component>
      <object_component id="oc-9e8">
         <name>.text</name>
         <load_address>0x12c8e</load_address>
         <run_address>0x12c8e</run_address>
         <size>0x18</size>
         <input_file_ref idref="fl-121"/>
      </object_component>
      <object_component id="oc-7c1">
         <name>.text:WDT_A_hold</name>
         <load_address>0x12ca6</load_address>
         <run_address>0x12ca6</run_address>
         <size>0x16</size>
         <input_file_ref idref="fl-cc"/>
      </object_component>
      <object_component id="oc-8a">
         <name>.text:decompress:none:__TI_decompress_none</name>
         <load_address>0x12cbc</load_address>
         <run_address>0x12cbc</run_address>
         <size>0x16</size>
         <input_file_ref idref="fl-f6"/>
      </object_component>
      <object_component id="oc-ade">
         <name>.text</name>
         <load_address>0x12cd2</load_address>
         <run_address>0x12cd2</run_address>
         <size>0x16</size>
         <input_file_ref idref="fl-11e"/>
      </object_component>
      <object_component id="oc-975">
         <name>.text:Sharp128x128_ColorTranslate</name>
         <load_address>0x12ce8</load_address>
         <run_address>0x12ce8</run_address>
         <size>0x12</size>
         <input_file_ref idref="fl-a9"/>
      </object_component>
      <object_component id="oc-88c">
         <name>.text:Graphics_clearDisplay</name>
         <load_address>0x12cfa</load_address>
         <run_address>0x12cfa</run_address>
         <size>0xe</size>
         <input_file_ref idref="fl-a0"/>
      </object_component>
      <object_component id="oc-7b2">
         <name>.text:HAL_LCD_waitUntilLcdWriteFinish</name>
         <load_address>0x12d08</load_address>
[...]
         <value>0x12a2c</value>
         <object_component_ref idref="oc-9f2"/>
      </symbol>
      <symbol id="sm-8f4">
         <name>Graphics_fillRectangleOnDisplay</name>
         <value>0x12d48</value>
         <object_component_ref idref="oc-9cc"/>
      </symbol>
      <symbol id="sm-91f">
         <name>Graphics_drawImage</name>
         <value>0x116a4</value>
         <object_component_ref idref="oc-859"/>
      </symbol>
      <symbol id="sm-994">
         <name>Graphics_drawLineH</name>
         <value>0x11f70</value>
         <object_component_ref idref="oc-999"/>
      </symbol>
      <symbol id="sm-995">
         <name>Graphics_drawLineV</name>
         <value>0x120f8</value>
         <object_component_ref idref="oc-9bd"/>
      </symbol>
      <symbol id="sm-996">
         <name>Graphics_drawLine</name>
         <value>0x1140e</value>
         <object_component_ref idref="oc-823"/>
      </symbol>
      <symbol id="sm-9a4">
         <name>Graphics_drawRadioButton</name>
         <value>0x11db2</value>
         <object_component_ref idref="oc-86e"/>
      </symbol>
      <symbol id="sm-9c2">
         <name>Graphics_drawRectangle</name>
         <value>0x11cc2</value>
         <object_component_ref idref="oc-883"/>
      </symbol>
      <symbol id="sm-9c3">
         <name>Graphics_fillRectangle</name>
         <value>0x121b2</value>
         <object_component_ref idref="oc-844"/>
      </symbol>
      <symbol id="sm-a33">
         <name>Graphics_drawStringCentered</name>
         <value>0x1235c</value>
         <object_component_ref idref="oc-811"/>
      </symbol>
      <symbol id="sm-a34">
         <name>Graphics_drawString</name>
         <value>0x10686</value>
         <object_component_ref idref="oc-817"/>
      </symbol>
      <symbol id="sm-a35">
         <name>Graphics_getStringWidth</name>
         <value>0x1224a</value>
         <object_component_ref idref="oc-98c"/>
      </symbol>
      <symbol id="sm-a65">
         <name>HAL_LCD_clearCS</name>
         <value>0x12df4</value>
         <object_component_ref idref="oc-7b8"/>
      </symbol>
      <symbol id="sm-a66">
         <name>HAL_LCD_waitUntilLcdWriteFinish</name>
         <value>0x12d08</value>
         <object_component_ref idref="oc-7b2"/>
      </symbol>
      <symbol id="sm-a67">
         <name>HAL_LCD_initDisplay</name>
         <value>0x123d4</value>
         <object_component_ref idref="oc-94c"/>
      </symbol>
      <symbol id="sm-a68">
         <name>HAL_LCD_writeCommandOrData</name>
         <value>0x12bbc</value>
         <object_component_ref idref="oc-7ac"/>
      </symbol>
      <symbol id="sm-a69">
         <name>HAL_LCD_setCS</name>
         <value>0x12dfc</value>
         <object_component_ref idref="oc-7a6"/>
      </symbol>
      <symbol id="sm-afb">
         <name>DisplayBuffer</name>
         <value>0x1c00</value>
      </symbol>
      <symbol id="sm-afc">
         <name>VCOMbit</name>
         <value>0x281c</value>
         <object_component_ref idref="oc-7a3"/>
      </symbol>
      <symbol id="sm-afd">
         <name>Sharp128x128_initDisplay</name>
         <value>0x12e28</value>
         <object_component_ref idref="oc-7f6"/>
      </symbol>
      <symbol id="sm-afe">
         <name>flagSendToggleVCOMCommand</name>
         <value>0x281d</value>
         <object_component_ref idref="oc-7a3"/>
      </symbol>
      <symbol id="sm-aff">
         <name>Sharp128x128_SendToggleVCOMCommand</name>
         <value>0x128be</value>
         <object_component_ref idref="oc-75d"/>
      </symbol>
      <symbol id="sm-b00">
         <name>reverse_data</name>
         <value>0x49ec</value>
         <object_component_ref idref="oc-a99"/>
      </symbol>
      <symbol id="sm-b01">
         <name>g_sharp128x128LCD</name>
         <value>0x4922</value>
         <object_component_ref idref="oc-802"/>
      </symbol>
      <symbol id="sm-b31">
         <name>CS_setDCOFreq</name>
         <value>0x11bd2</value>
         <object_component_ref idref="oc-7e4"/>
      </symbol>
      <symbol id="sm-b32">
         <name>CS_initClockSignal</name>
         <value>0x1273a</value>
         <object_component_ref idref="oc-7ea"/>
      </symbol>
      <symbol id="sm-b5f">
         <name>EUSCI_B_SPI_isBusy</name>
         <value>0x12da6</value>
         <object_component_ref idref="oc-912"/>
      </symbol>
      <symbol id="sm-b60">
         <name>EUSCI_B_SPI_getInterruptStatus</name>
         <value>0x12d9c</value>
         <object_component_ref idref="oc-904"/>
      </symbol>
      <symbol id="sm-b61">
         <name>EUSCI_B_SPI_enable</name>
         <value>0x12e04</value>
         <object_component_ref idref="oc-a85"/>
      </symbol>
      <symbol id="sm-b62">
         <name>EUSCI_B_SPI_transmitData</name>
         <value>0x12d24</value>
         <object_component_ref idref="oc-90a"/>
      </symbol>
      <symbol id="sm-b63">
         <name>EUSCI_B_SPI_initMaster</name>
         <value>0x12790</value>
         <object_component_ref idref="oc-a7f"/>
      </symbol>
      <symbol id="sm-b94">
         <name>GPIO_setOutputHighOnPin</name>
         <value>0x12bdc</value>
         <object_component_ref idref="oc-8fd"/>
      </symbol>
      <symbol id="sm-b95">
         <name>GPIO_setAsOutputPin</name>
         <value>0x12a62</value>
         <object_component_ref idref="oc-7d8"/>
      </symbol>
      <symbol id="sm-b96">
         <name>GPIO_setOutputLowOnPin</name>
         <value>0x12bf8</value>
         <object_component_ref idref="oc-7de"/>
      </symbol>
      <symbol id="sm-b97">
         <name>GPIO_setAsPeripheralModuleFunctionOutputPin</name>
         <value>0x12622</value>
         <object_component_ref idref="oc-a76"/>
      </symbol>
      <symbol id="sm-ba5">
         <name>PMM_unlockLPM5</name>
         <value>0x12e10</value>
         <object_component_ref idref="oc-7fc"/>
      </symbol>
      <symbol id="sm-bfc">
         <name>Timer_A_enableCaptureCompareInterrupt</name>
         <value>0x12d78</value>
         <object_component_ref idref="oc-862"/>
      </symbol>
      <symbol id="sm-bfd">
         <name>Timer_A_setCompareValue</name>
         <value>0x12d84</value>
         <object_component_ref idref="oc-74a"/>
      </symbol>
      <symbol id="sm-bfe">
         <name>Timer_A_clearCaptureCompareInterrupt</name>
         <value>0x12dc4</value>
         <object_component_ref idref="oc-750"/>
      </symbol>
      <symbol id="sm-bff">
         <name>Timer_A_initUpMode</name>
         <value>0x124c4</value>
         <object_component_ref idref="oc-939"/>
      </symbol>
      <symbol id="sm-c00">
         <name>Timer_A_initCompareMode</name>
         <value>0x129f4</value>
         <object_component_ref idref="oc-93f"/>
      </symbol>
      <symbol id="sm-c01">
         <name>Timer_A_startCounter</name>
         <value>0x12d16</value>
         <object_component_ref idref="oc-945"/>
      </symbol>
      <symbol id="sm-c02">
         <name>Timer_A_getCaptureCompareCount</name>
         <value>0x12dce</value>
         <object_component_ref idref="oc-744"/>
      </symbol>
      <symbol id="sm-c03">
         <name>Timer_A_disableCaptureCompareInterrupt</name>
         <value>0x12d6c</value>
         <object_component_ref idref="oc-874"/>
      </symbol>
      <symbol id="sm-c04">
         <name>Timer_A_clear</name>
         <value>0x12e16</value>
         <object_component_ref idref="oc-868"/>
      </symbol>
      <symbol id="sm-c05">
         <name>Timer_A_clearTimerInterrupt</name>
         <value>0x12e1c</value>
         <object_component_ref idref="oc-756"/>
      </symbol>
      <symbol id="sm-c14">
         <name>WDT_A_hold</name>
         <value>0x12ca6</value>
         <object_component_ref idref="oc-7c1"/>
      </symbol>
      <symbol id="sm-c2a">
         <name>LPRocket_96x37_1BPP_UNCOMP</name>
         <value>0x49fc</value>
         <object_component_ref idref="oc-856"/>
      </symbol>
      <symbol id="sm-c40">
         <name>TI_Logo_69x64_1BPP_UNCOMP</name>
         <value>0x4a0c</value>
         <object_component_ref idref="oc-85f"/>
      </symbol>
      <symbol id="sm-c63">
         <name>__TI_decompress_lzss</name>
         <value>0x1253a</value>
         <object_component_ref idref="oc-84"/>
      </symbol>
      <symbol id="sm-c74">
         <name>__TI_decompress_none</name>
         <value>0x12cbc</value>
         <object_component_ref idref="oc-8a"/>
      </symbol>
      <symbol id="sm-c77">
         <name>__TI_int18</name>
         <value>0xffb4</value>
         <object_component_ref idref="oc-90"/>
      </symbol>
      <symbol id="sm-c7f">
         <name>__TI_ISR_TRAP</name>
         <value>0x4098</value>
         <object_component_ref idref="oc-6e2"/>
      </symbol>
      <symbol id="sm-c82">
         <name>__TI_int19</name>
         <value>0xffb6</value>
         <object_component_ref idref="oc-91"/>
      </symbol>
      <symbol id="sm-c85">
         <name>__TI_int20</name>
         <value>0xffb8</value>
         <object_component_ref idref="oc-92"/>
      </symbol>
      <symbol id="sm-c88">
         <name>__TI_int21</name>
         <value>0xffba</value>
         <object_component_ref idref="oc-93"/>
      </symbol>
      <symbol id="sm-c8b">
         <name>__TI_int22</name>
         <value>0xffbc</value>
         <object_component_ref idref="oc-94"/>
      </symbol>
      <symbol id="sm-c8e">
         <name>__TI_int23</name>
         <value>0xffbe</value>
         <object_component_ref idref="oc-95"/>
      </symbol>
      <symbol id="sm-c91">
         <name>__TI_int24</name>
         <value>0xffc0</value>
         <object_component_ref idref="oc-96"/>
      </symbol>
      <symbol id="sm-c94">
         <name>__TI_int25</name>
         <value>0xffc2</value>
         <object_component_ref idref="oc-97"/>
      </symbol>
      <symbol id="sm-c97">
         <name>__TI_int26</name>
         <value>0xffc4</value>
         <object_component_ref idref="oc-98"/>
      </symbol>
      <symbol id="sm-c9a">
         <name>__TI_int27</name>
         <value>0xffc6</value>
         <object_component_ref idref="oc-99"/>
      </symbol>
      <symbol id="sm-c9d">
         <name>__TI_int28</name>
         <value>0xffc8</value>
         <object_component_ref idref="oc-9a"/>
      </symbol>
      <symbol id="sm-ca0">
         <name>__TI_int29</name>
         <value>0xffca</value>
         <object_component_ref idref="oc-9b"/>
      </symbol>
      <symbol id="sm-ca3">
         <name>__TI_int30</name>
         <value>0xffcc</value>
         <object_component_ref idref="oc-9c"/>
      </symbol>
      <symbol id="sm-ca6">
         <name>__TI_int31</name>
         <value>0xffce</value>
         <object_component_ref idref="oc-9d"/>
      </symbol>
      <symbol id="sm-ca9">
         <name>__TI_int32</name>
         <value>0xffd0</value>
         <object_component_ref idref="oc-9e"/>
      </symbol>
      <symbol id="sm-cac">
         <name>__TI_int33</name>
         <value>0xffd2</value>
         <object_component_ref idref="oc-9f"/>
      </symbol>
      <symbol id="sm-caf">
         <name>__TI_int34</name>
         <value>0xffd4</value>
         <object_component_ref idref="oc-a0"/>
      </symbol>
      <symbol id="sm-cb2">
         <name>__TI_int35</name>
         <value>0xffd6</value>
         <object_component_ref idref="oc-a1"/>
      </symbol>
      <symbol id="sm-cb5">
         <name>__TI_int36</name>
         <value>0xffd8</value>
         <object_component_ref idref="oc-a2"/>
      </symbol>
      <symbol id="sm-cb8">
         <name>__TI_int37</name>
         <value>0xffda</value>
         <object_component_ref idref="oc-a3"/>
      </symbol>
      <symbol id="sm-cbb">
         <name>__TI_int38</name>
         <value>0xffdc</value>
         <object_component_ref idref="oc-a4"/>
      </symbol>
      <symbol id="sm-cbe">
         <name>__TI_int39</name>
         <value>0xffde</value>
         <object_component_ref idref="oc-a5"/>
      </symbol>
      <symbol id="sm-cc1">
         <name>__TI_int42</name>
         <value>0xffe4</value>
         <object_component_ref idref="oc-a8"/>
      </symbol>
      <symbol id="sm-cc4">
         <name>__TI_int43</name>
         <value>0xffe6</value>
         <object_component_ref idref="oc-a9"/>
      </symbol>
      <symbol id="sm-cc7">
         <name>__TI_int44</name>
         <value>0xffe8</value>
         <object_component_ref idref="oc-aa"/>
      </symbol>
      <symbol id="sm-cca">
         <name>__TI_int45</name>
         <value>0xffea</value>
         <object_component_ref idref="oc-ab"/>
      </symbol>
      <symbol id="sm-ccd">
         <name>__TI_int46</name>
         <value>0xffec</value>
         <object_component_ref idref="oc-ac"/>
      </symbol>
      <symbol id="sm-cd0">
         <name>__TI_int47</name>
         <value>0xffee</value>
         <object_component_ref idref="oc-ad"/>
      </symbol>
      <symbol id="sm-cd3">
         <name>__TI_int48</name>
         <value>0xfff0</value>
         <object_component_ref idref="oc-ae"/>
      </symbol>
      <symbol id="sm-cd6">
         <name>__TI_int49</name>
         <value>0xfff2</value>
         <object_component_ref idref="oc-af"/>
      </symbol>
      <symbol id="sm-cd9">
         <name>__TI_int50</name>
         <value>0xfff4</value>
         <object_component_ref idref="oc-b0"/>
      </symbol>
      <symbol id="sm-cdc">
         <name>__TI_int51</name>
         <value>0xfff6</value>
         <object_component_ref idref="oc-b1"/>
      </symbol>
      <symbol id="sm-cdf">
         <name>__TI_int52</name>
         <value>0xfff8</value>
         <object_component_ref idref="oc-b2"/>
      </symbol>
      <symbol id="sm-ce2">
         <name>__TI_int53</name>
         <value>0xfffa</value>
         <object_component_ref idref="oc-b3"/>
      </symbol>
      <symbol id="sm-ce5">
         <name>__TI_int54</name>
         <value>0xfffc</value>
         <object_component_ref idref="oc-b4"/>
      </symbol>
      <symbol id="sm-cf8">
         <name>__TI_zero_init</name>
         <value>0x12b74</value>
         <object_component_ref idref="oc-6f9"/>
      </symbol>
      <symbol id="sm-d04">
         <name>__mspabi_remi</name>
         <value>0x12b20</value>
         <object_component_ref idref="oc-9ed"/>
      </symbol>
      <symbol id="sm-d05">
         <name>__mspabi_divi</name>
         <value>0x12b20</value>
         <object_component_ref idref="oc-9ed"/>
      </symbol>
      <symbol id="sm-d11">
         <name>__mspabi_remli</name>
         <value>0x128fe</value>
         <object_component_ref idref="oc-992"/>
      </symbol>
      <symbol id="sm-d12">
         <name>__mspabi_divli</name>
         <value>0x128fe</value>
         <object_component_ref idref="oc-992"/>
      </symbol>
      <symbol id="sm-d1c">
         <name>__mspabi_remu</name>
         <value>0x12cd2</value>
         <object_component_ref idref="oc-ade"/>
      </symbol>
      <symbol id="sm-d1d">
         <name>__mspabi_divu</name>
         <value>0x12cd2</value>
         <object_component_ref idref="oc-ade"/>
      </symbol>
      <symbol id="sm-d2b">
         <name>__mspabi_remul</name>
         <value>0x1268a</value>
         <object_component_ref idref="oc-aa7"/>
      </symbol>
      <symbol id="sm-d2c">
         <name>__mspabi_divul</name>
         <value>0x1268a</value>
         <object_component_ref idref="oc-aa7"/>
      </symbol>
      <symbol id="sm-d35">
         <name>__mspabi_mpyi_f5hw</name>
         <value>0x12c8e</value>
         <object_component_ref idref="oc-9e8"/>
      </symbol>
      <symbol id="sm-d3e">
         <name>__mspabi_mpyl_f5hw</name>
         <value>0x12b98</value>
         <object_component_ref idref="oc-ac0"/>
      </symbol>
      <symbol id="sm-d4a">
         <name>__mspabi_slli</name>
         <value>0x12de2</value>
         <object_component_ref idref="oc-9a5"/>
      </symbol>
      <symbol id="sm-d53">
         <name>__mspabi_srai</name>
         <value>0x12dd8</value>
         <object_component_ref idref="oc-a8e"/>
      </symbol>
      <symbol id="sm-d63">
         <name>_c_int00_noargs_mpu</name>
         <value>0x4078</value>
         <object_component_ref idref="oc-71d"/>
      </symbol>
      <symbol id="sm-d64">
         <name>_stack</name>
         <value>0x2b60</value>
         <object_component_ref idref="oc-6c6"/>
      </symbol>
      <symbol id="sm-d65">
         <name>_reset_vector</name>
         <value>0xfffe</value>
         <object_component_ref idref="oc-6c9"/>
      </symbol>
      <symbol id="sm-d6e">
         <name>__mpu_init</name>
         <value>0x12af4</value>
         <object_component_ref idref="oc-784"/>
      </symbol>
      <symbol id="sm-d91">
         <name>__TI_auto_init_nobinit_nopinit_hold_wdt</name>
         <value>0x1244c</value>
         <object_component_ref idref="oc-8ca"/>
      </symbol>
      <symbol id="sm-d99">
         <name>__mspabi_sral_15</name>
         <value>0x1293e</value>
         <object_component_ref idref="oc-a31"/>
      </symbol>
      <symbol id="sm-d9a">
         <name>__mspabi_sral_14</name>
         <value>0x12942</value>
         <object_component_ref idref="oc-a31"/>
      </symbol>
      <symbol id="sm-d9b">
         <name>__mspabi_sral_13</name>
         <value>0x12946</value>
         <object_component_ref idref="oc-a31"/>
      </symbol>
      <symbol id="sm-d9c">
         <name>__mspabi_sral_12</name>
         <value>0x1294a</value>
         <object_component_ref idref="oc-a31"/>
      </symbol>
      <symbol id="sm-d9d">
         <name>__mspabi_sral_11</name>
         <value>0x1294e</value>
         <object_component_ref idref="oc-a31"/>
      </symbol>
      <symbol id="sm-d9e">
         <name>__mspabi_sral_10</name>
         <value>0x12952</value>
         <object_component_ref idref="oc-a31"/>
      </symbol>
      <symbol id="sm-d9f">
         <name>__mspabi_sral_8</name>
         <value>0x1295a</value>
         <object_component_ref idref="oc-a31"/>
      </symbol>
      <symbol id="sm-da0">
         <name>__mspabi_sral_9</name>
         <value>0x12956</value>
         <object_component_ref idref="oc-a31"/>
      </symbol>
      <symbol id="sm-da1">
         <name>__mspabi_sral_6</name>
         <value>0x12962</value>
         <object_component_ref idref="oc-a31"/>
      </symbol>
      <symbol id="sm-da2">
         <name>__mspabi_sral_7</name>
         <value>0x1295e</value>
         <object_component_ref idref="oc-a31"/>
      </symbol>
      <symbol id="sm-da3">
         <name>__mspabi_sral_4</name>
         <value>0x1296a</value>
         <object_component_ref idref="oc-a31"/>
      </symbol>
      <symbol id="sm-da4">
         <name>__mspabi_sral_5</name>
         <value>0x12966</value>
         <object_component_ref idref="oc-a31"/>
      </symbol>
      <symbol id="sm-da5">
         <name>__mspabi_sral_2</name>
         <value>0x12972</value>
         <object_component_ref idref="oc-a31"/>
      </symbol>
      <symbol id="sm-da6">
         <name>__mspabi_sral_3</name>
         <value>0x1296e</value>
         <object_component_ref idref="oc-a31"/>
      </symbol>
      <symbol id="sm-da7">
         <name>__mspabi_sral_1</name>
         <value>0x12976</value>
         <object_component_ref idref="oc-a31"/>
      </symbol>
      <symbol id="sm-db0">
         <name>_system_post_cinit</name>
         <value>0x12e2c</value>
         <object_component_ref idref="oc-a36"/>
      </symbol>
      <symbol id="sm-dbb">
         <name>C$$EXIT</name>
         <value>0x12e22</value>
         <object_component_ref idref="oc-8a6"/>
      </symbol>
      <symbol id="sm-dbc">
         <name>abort</name>
         <value>0x12e22</value>
         <object_component_ref idref="oc-8a6"/>
      </symbol>
      <symbol id="sm-dd2">
         <name>memcpy</name>
         <value>0x129b8</value>
         <object_component_ref idref="oc-6d5"/>
      </symbol>
   </symbol_table>
   <title>Link successful</title>
</link_info>
